Archive member included to satisfy reference by file (symbol)

c:/vsarm/armcc/125863~1.3re/bin/../lib/gcc/arm-none-eabi/12.3.1/thumb/v6-m/nofp\libgcc.a(_dvmd_tls.o)
                              CMakeFiles/PWM.dir/C_/VSARM/sdk/pico/pico-sdk/src/rp2_common/pico_divider/divider.S.obj (__aeabi_idiv0)
c:/vsarm/armcc/125863~1.3re/bin/../lib/gcc/arm-none-eabi/12.3.1/thumb/v6-m/nofp\libg.a(libc_a-calloc.o)
                              CMakeFiles/PWM.dir/C_/VSARM/sdk/pico/pico-sdk/src/rp2_common/pico_malloc/pico_malloc.c.obj (calloc)
c:/vsarm/armcc/125863~1.3re/bin/../lib/gcc/arm-none-eabi/12.3.1/thumb/v6-m/nofp\libg.a(libc_a-callocr.o)
                              c:/vsarm/armcc/125863~1.3re/bin/../lib/gcc/arm-none-eabi/12.3.1/thumb/v6-m/nofp\libg.a(libc_a-calloc.o) (_calloc_r)
c:/vsarm/armcc/125863~1.3re/bin/../lib/gcc/arm-none-eabi/12.3.1/thumb/v6-m/nofp\libg.a(libc_a-malloc.o)
                              CMakeFiles/PWM.dir/C_/VSARM/sdk/pico/pico-sdk/src/rp2_common/pico_malloc/pico_malloc.c.obj (malloc)
c:/vsarm/armcc/125863~1.3re/bin/../lib/gcc/arm-none-eabi/12.3.1/thumb/v6-m/nofp\libg.a(libc_a-mallocr.o)
                              c:/vsarm/armcc/125863~1.3re/bin/../lib/gcc/arm-none-eabi/12.3.1/thumb/v6-m/nofp\libg.a(libc_a-callocr.o) (_malloc_r)
c:/vsarm/armcc/125863~1.3re/bin/../lib/gcc/arm-none-eabi/12.3.1/thumb/v6-m/nofp\libg.a(libc_a-mlock.o)
                              c:/vsarm/armcc/125863~1.3re/bin/../lib/gcc/arm-none-eabi/12.3.1/thumb/v6-m/nofp\libg.a(libc_a-mallocr.o) (__malloc_lock)
c:/vsarm/armcc/125863~1.3re/bin/../lib/gcc/arm-none-eabi/12.3.1/thumb/v6-m/nofp\libg.a(libc_a-realloc.o)
                              CMakeFiles/PWM.dir/C_/VSARM/sdk/pico/pico-sdk/src/rp2_common/pico_malloc/pico_malloc.c.obj (realloc)
c:/vsarm/armcc/125863~1.3re/bin/../lib/gcc/arm-none-eabi/12.3.1/thumb/v6-m/nofp\libg.a(libc_a-reallocr.o)
                              c:/vsarm/armcc/125863~1.3re/bin/../lib/gcc/arm-none-eabi/12.3.1/thumb/v6-m/nofp\libg.a(libc_a-realloc.o) (_realloc_r)
c:/vsarm/armcc/125863~1.3re/bin/../lib/gcc/arm-none-eabi/12.3.1/thumb/v6-m/nofp\libg.a(libc_a-memmove.o)
                              c:/vsarm/armcc/125863~1.3re/bin/../lib/gcc/arm-none-eabi/12.3.1/thumb/v6-m/nofp\libg.a(libc_a-reallocr.o) (memmove)
c:/vsarm/armcc/125863~1.3re/bin/../lib/gcc/arm-none-eabi/12.3.1/thumb/v6-m/nofp\libg.a(libc_a-impure.o)
                              c:/vsarm/armcc/125863~1.3re/bin/../lib/gcc/arm-none-eabi/12.3.1/thumb/v6-m/nofp\libg.a(libc_a-calloc.o) (_impure_ptr)
c:/vsarm/armcc/125863~1.3re/bin/../lib/gcc/arm-none-eabi/12.3.1/thumb/v6-m/nofp\libg.a(libc_a-sbrkr.o)
                              c:/vsarm/armcc/125863~1.3re/bin/../lib/gcc/arm-none-eabi/12.3.1/thumb/v6-m/nofp\libg.a(libc_a-mallocr.o) (_sbrk_r)
c:/vsarm/armcc/125863~1.3re/bin/../lib/gcc/arm-none-eabi/12.3.1/thumb/v6-m/nofp\libg.a(libc_a-errno.o)
                              c:/vsarm/armcc/125863~1.3re/bin/../lib/gcc/arm-none-eabi/12.3.1/thumb/v6-m/nofp\libg.a(libc_a-callocr.o) (__errno)
c:/vsarm/armcc/125863~1.3re/bin/../lib/gcc/arm-none-eabi/12.3.1/thumb/v6-m/nofp\libg.a(libc_a-init.o)
                              c:/vsarm/armcc/125863~1.3re/bin/../lib/gcc/arm-none-eabi/12.3.1/thumb/v6-m/nofp/crt0.o (__libc_init_array)
c:/vsarm/armcc/125863~1.3re/bin/../lib/gcc/arm-none-eabi/12.3.1/thumb/v6-m/nofp\libg.a(libc_a-lock.o)
                              c:/vsarm/armcc/125863~1.3re/bin/../lib/gcc/arm-none-eabi/12.3.1/thumb/v6-m/nofp\libg.a(libc_a-mlock.o) (__retarget_lock_acquire_recursive)
c:/vsarm/armcc/125863~1.3re/bin/../lib/gcc/arm-none-eabi/12.3.1/thumb/v6-m/nofp\libg.a(libc_a-sysconf.o)
                              c:/vsarm/armcc/125863~1.3re/bin/../lib/gcc/arm-none-eabi/12.3.1/thumb/v6-m/nofp\libg.a(libc_a-mallocr.o) (sysconf)
c:/vsarm/armcc/125863~1.3re/bin/../lib/gcc/arm-none-eabi/12.3.1/thumb/v6-m/nofp\libg.a(libc_a-strlen-stub.o)
                              CMakeFiles/PWM.dir/C_/VSARM/sdk/pico/pico-sdk/src/rp2_common/pico_stdio/stdio.c.obj (strlen)
c:/vsarm/armcc/125863~1.3re/bin/../lib/gcc/arm-none-eabi/12.3.1/thumb/v6-m/nofp\libg.a(libc_a-freer.o)
                              c:/vsarm/armcc/125863~1.3re/bin/../lib/gcc/arm-none-eabi/12.3.1/thumb/v6-m/nofp\libg.a(libc_a-malloc.o) (_free_r)
c:/vsarm/armcc/125863~1.3re/bin/../lib/gcc/arm-none-eabi/12.3.1/thumb/v6-m/nofp\libg.a(libc_a-findfp.o)
                              c:/vsarm/armcc/125863~1.3re/bin/../lib/gcc/arm-none-eabi/12.3.1/thumb/v6-m/nofp\libg.a(libc_a-impure.o) (__sf)
c:/vsarm/armcc/125863~1.3re/bin/../lib/gcc/arm-none-eabi/12.3.1/thumb/v6-m/nofp\libg.a(libc_a-fwalk.o)
                              c:/vsarm/armcc/125863~1.3re/bin/../lib/gcc/arm-none-eabi/12.3.1/thumb/v6-m/nofp\libg.a(libc_a-findfp.o) (_fwalk_sglue)
c:/vsarm/armcc/125863~1.3re/bin/../lib/gcc/arm-none-eabi/12.3.1/thumb/v6-m/nofp\libg.a(libc_a-stdio.o)
                              c:/vsarm/armcc/125863~1.3re/bin/../lib/gcc/arm-none-eabi/12.3.1/thumb/v6-m/nofp\libg.a(libc_a-findfp.o) (__sread)
[...]
Memory Configuration

Name             Origin             Length             Attributes
FLASH            0x10000000         0x00200000         xr
RAM              0x20000000         0x00040000         xrw
SCRATCH_X        0x20040000         0x00001000         xrw
SCRATCH_Y        0x20041000         0x00001000         xrw
*default*        0x00000000         0xffffffff

Linker script and memory map

LOAD c:/vsarm/armcc/125863~1.3re/bin/../lib/gcc/arm-none-eabi/12.3.1/thumb/v6-m/nofp/crti.o
LOAD c:/vsarm/armcc/125863~1.3re/bin/../lib/gcc/arm-none-eabi/12.3.1/thumb/v6-m/nofp/crtbegin.o
LOAD c:/vsarm/armcc/125863~1.3re/bin/../lib/gcc/arm-none-eabi/12.3.1/thumb/v6-m/nofp/crt0.o

.flash_begin    0x10000000        0x0
                0x10000000                        __flash_binary_start = .

.boot2          0x10000000      0x100
                0x10000000                        __boot2_start__ = .
 *(.boot2)
 .boot2         0x10000000      0x100 C:\Users\phuon\AppData\Local\Temp\cc4W6uNK.o
                0x10000100                        __boot2_end__ = .
                0x00000001                        ASSERT (((__boot2_end__ - __boot2_start__) == 0x100), ERROR: Pico second stage bootloader must be 256 bytes in size)

.text           0x10000100     0x7b08
                0x10000100                        __logical_binary_start = .
 *(.vectors)
 .vectors       0x10000100       0xd4 CMakeFiles/PWM.dir/C_/VSARM/sdk/pico/pico-sdk/src/rp2_common/pico_standard_link/crt0.S.obj
                0x10000100                __VECTOR_TABLE
                0x10000100                __vectors
                0x100001c0                isr_invalid
                0x100001c0                __default_isrs_start
                0x100001c2                isr_nmi
                0x100001c4                isr_hardfault
                0x100001c6                isr_svcall
                0x100001c8                isr_pendsv
                0x100001ca                isr_systick
                0x100001cc                isr_irq23
                0x100001cc                isr_irq18
                0x100001cc                isr_irq11
                0x100001cc                isr_irq28
                0x100001cc                isr_irq19
                0x100001cc                isr_irq0
                0x100001cc                isr_irq6
                0x100001cc                isr_irq5
                0x100001cc                isr_irq12
                0x100001cc                isr_irq22
                0x100001cc                isr_irq31
                0x100001cc                isr_irq17
                0x100001cc                isr_irq27
                0x100001cc                isr_irq30
                0x100001cc                isr_irq2
                0x100001cc                isr_irq10
                0x100001cc                isr_irq8
                0x100001cc                isr_irq24
                0x100001cc                isr_irq1
                0x100001cc                isr_irq7
                0x100001cc                isr_irq21
                0x100001cc                isr_irq20
                0x100001cc                isr_irq15
                0x100001cc                isr_irq25
                0x100001cc                isr_irq13
                0x100001cc                __unhandled_user_irq
                0x100001cc                isr_irq4
                0x100001cc                isr_irq16
                0x100001cc                isr_irq29
                0x100001cc                isr_irq26
                0x100001cc                __default_isrs_end
                0x100001cc                isr_irq3
                0x100001cc                isr_irq14
                0x100001cc                isr_irq9
                0x100001d2                unhandled_user_irq_num_in_r0
 *(.binary_info_header)
 .binary_info_header
                0x100001d4       0x14 CMakeFiles/PWM.dir/C_/VSARM/sdk/pico/pico-sdk/src/rp2_common/pico_standard_link/crt0.S.obj
                0x100001e8                        __binary_info_header_end = .
 *(.reset)
 .reset         0x100001e8       0xa0 CMakeFiles/PWM.dir/C_/VSARM/sdk/pico/pico-sdk/src/rp2_common/pico_standard_link/crt0.S.obj
                0x100001e8                _entry_point
 .reset         0x10000288       0x30 CMakeFiles/PWM.dir/C_/VSARM/sdk/pico/pico-sdk/src/rp2_common/pico_standard_link/binary_info.c.obj
 *(.init)
 .init          0x100002b8        0x4 c:/vsarm/armcc/125863~1.3re/bin/../lib/gcc/arm-none-eabi/12.3.1/thumb/v6-m/nofp/crti.o
                0x100002b8                _init
 *(EXCLUDE_FILE(*libm.a: *libc.a:*lib_a-mem*.o *libgcc.a:) .text*)
 .text.register_tm_clones
                0x100002bc       0x28 c:/vsarm/armcc/125863~1.3re/bin/../lib/gcc/arm-none-eabi/12.3.1/thumb/v6-m/nofp/crtbegin.o
 .text.frame_dummy
                0x100002e4       0x24 c:/vsarm/armcc/125863~1.3re/bin/../lib/gcc/arm-none-eabi/12.3.1/thumb/v6-m/nofp/crtbegin.o
 .text.pwm_init
                0x10000308       0x34 CMakeFiles/PWM.dir/main.c.obj
 .text.pwm_get_default_config
                0x1000033c       0x18 CMakeFiles/PWM.dir/main.c.obj
 .text.pwm_set_chan_level
                0x10000354       0x40 CMakeFiles/PWM.dir/main.c.obj
 .text.encoder_callback
                0x10000394       0x6c CMakeFiles/PWM.dir/main.c.obj
                0x10000394                encoder_callback
 .text.queue_init
                0x10000400       0x1a CMakeFiles/PWM.dir/main.c.obj
 *fill*         0x1000041a        0x2 
 .text.configure_pwm
                0x1000041c       0x70 CMakeFiles/PWM.dir/main.c.obj
                0x1000041c                configure_pwm
 .text.main     0x1000048c      0x184 CMakeFiles/PWM.dir/main.c.obj
                0x1000048c                main
 .text.gpio_set_function
                0x10000610       0x30 CMakeFiles/PWM.dir/C_/VSARM/sdk/pico/pico-sdk/src/rp2_common/hardware_gpio/gpio.c.obj
                0x10000610                gpio_set_function
 .text.gpio_set_pulls
                0x10000640       0x34 CMakeFiles/PWM.dir/C_/VSARM/sdk/pico/pico-sdk/src/rp2_common/hardware_gpio/gpio.c.obj
                0x10000640                gpio_set_pulls
 .text.gpio_set_irq_callback
                0x10000674       0x48 CMakeFiles/PWM.dir/C_/VSARM/sdk/pico/pico-sdk/src/rp2_common/hardware_gpio/gpio.c.obj
                0x10000674                gpio_set_irq_callback
 .text.gpio_acknowledge_irq
                0x100006bc       0x18 CMakeFiles/PWM.dir/C_/VSARM/sdk/pico/pico-sdk/src/rp2_common/hardware_gpio/gpio.c.obj
                0x100006bc                gpio_acknowledge_irq
 .text._gpio_set_irq_enabled
                0x100006d4       0x34 CMakeFiles/PWM.dir/C_/VSARM/sdk/pico/pico-sdk/src/rp2_common/hardware_gpio/gpio.c.obj
 .text.gpio_set_irq_enabled
                0x10000708       0x20 CMakeFiles/PWM.dir/C_/VSARM/sdk/pico/pico-sdk/src/rp2_common/hardware_gpio/gpio.c.obj
                0x10000708                gpio_set_irq_enabled
 .text.gpio_set_irq_enabled_with_callback
                0x10000728       0x20 CMakeFiles/PWM.dir/C_/VSARM/sdk/pico/pico-sdk/src/rp2_common/hardware_gpio/gpio.c.obj
                0x10000728                gpio_set_irq_enabled_with_callback
 .text.gpio_default_irq_handler
                0x10000748       0x98 CMakeFiles/PWM.dir/C_/VSARM/sdk/pico/pico-sdk/src/rp2_common/hardware_gpio/gpio.c.obj
 .text.gpio_init
                0x100007e0       0x16 CMakeFiles/PWM.dir/C_/VSARM/sdk/pico/pico-sdk/src/rp2_common/hardware_gpio/gpio.c.obj
                0x100007e0                gpio_init
 *fill*         0x100007f6        0x2 
 .text.running_on_fpga
                0x100007f8       0x14 CMakeFiles/PWM.dir/C_/VSARM/sdk/pico/pico-sdk/src/rp2_common/pico_platform/platform.c.obj
                0x100007f8                running_on_fpga
 .text.hw_claim_lock
                0x1000080c       0x18 CMakeFiles/PWM.dir/C_/VSARM/sdk/pico/pico-sdk/src/rp2_common/hardware_claim/claim.c.obj
                0x1000080c                hw_claim_lock
 .text.hw_claim_unlock
                0x10000824       0x14 CMakeFiles/PWM.dir/C_/VSARM/sdk/pico/pico-sdk/src/rp2_common/hardware_claim/claim.c.obj
                0x10000824                hw_claim_unlock
 .text.hw_claim_or_assert
                0x10000838       0x32 CMakeFiles/PWM.dir/C_/VSARM/sdk/pico/pico-sdk/src/rp2_common/hardware_claim/claim.c.obj
                0x10000838                hw_claim_or_assert
 .text.hw_claim_unused_from_range
                0x1000086a       0x50 CMakeFiles/PWM.dir/C_/VSARM/sdk/pico/pico-sdk/src/rp2_common/hardware_claim/claim.c.obj
                0x1000086a                hw_claim_unused_from_range
 *fill*         0x100008ba        0x2 
 .text.spin_locks_reset
                0x100008bc       0x20 CMakeFiles/PWM.dir/C_/VSARM/sdk/pico/pico-sdk/src/rp2_common/hardware_sync/sync.c.obj
                0x100008bc                spin_locks_reset
 .text.next_striped_spin_lock_num
                0x100008dc       0x1c CMakeFiles/PWM.dir/C_/VSARM/sdk/pico/pico-sdk/src/rp2_common/hardware_sync/sync.c.obj
                0x100008dc                next_striped_spin_lock_num
 .text.spin_lock_claim_unused
                0x100008f8       0x24 CMakeFiles/PWM.dir/C_/VSARM/sdk/pico/pico-sdk/src/rp2_common/hardware_sync/sync.c.obj
                0x100008f8                spin_lock_claim_unused
 .text.set_raw_irq_handler_and_unlock
                0x1000091c       0x28 CMakeFiles/PWM.dir/C_/VSARM/sdk/pico/pico-sdk/src/rp2_common/hardware_irq/irq.c.obj
 .text.resolve_branch
                0x10000944       0x30 CMakeFiles/PWM.dir/C_/VSARM/sdk/pico/pico-sdk/src/rp2_common/hardware_irq/irq.c.obj
 .text.make_branch
                0x10000974       0x48 CMakeFiles/PWM.dir/C_/VSARM/sdk/pico/pico-sdk/src/rp2_common/hardware_irq/irq.c.obj
 .text.insert_branch_and_link
                0x100009bc       0x40 CMakeFiles/PWM.dir/C_/VSARM/sdk/pico/pico-sdk/src/rp2_common/hardware_irq/irq.c.obj
 .text.irq_is_enabled
                0x100009fc       0x18 CMakeFiles/PWM.dir/C_/VSARM/sdk/pico/pico-sdk/src/rp2_common/hardware_irq/irq.c.obj
                0x100009fc                irq_is_enabled
 .text.irq_set_mask_enabled
                0x10000a14       0x20 CMakeFiles/PWM.dir/C_/VSARM/sdk/pico/pico-sdk/src/rp2_common/hardware_irq/irq.c.obj
                0x10000a14                irq_set_mask_enabled
 .text.irq_set_enabled
                0x10000a34        0xe CMakeFiles/PWM.dir/C_/VSARM/sdk/pico/pico-sdk/src/rp2_common/hardware_irq/irq.c.obj
                0x10000a34                irq_set_enabled
 *fill*         0x10000a42        0x2 
 .text.irq_set_pending
                0x10000a44       0x10 CMakeFiles/PWM.dir/C_/VSARM/sdk/pico/pico-sdk/src/rp2_common/hardware_irq/irq.c.obj
                0x10000a44                irq_set_pending
 .text.irq_get_vtable_handler
                0x10000a54       0x10 CMakeFiles/PWM.dir/C_/VSARM/sdk/pico/pico-sdk/src/rp2_common/hardware_irq/irq.c.obj
                0x10000a54                irq_get_vtable_handler
 .text.irq_has_shared_handler
                0x10000a64       0x24 CMakeFiles/PWM.dir/C_/VSARM/sdk/pico/pico-sdk/src/rp2_common/hardware_irq/irq.c.obj
                0x10000a64                irq_has_shared_handler
 .text.irq_set_exclusive_handler
                0x10000a88       0x54 CMakeFiles/PWM.dir/C_/VSARM/sdk/pico/pico-sdk/src/rp2_common/hardware_irq/irq.c.obj
                0x10000a88                irq_set_exclusive_handler
 .text.irq_add_shared_handler
                0x10000adc      0x210 CMakeFiles/PWM.dir/C_/VSARM/sdk/pico/pico-sdk/src/rp2_common/hardware_irq/irq.c.obj
                0x10000adc                irq_add_shared_handler
 .text.irq_remove_handler
                0x10000cec      0x188 CMakeFiles/PWM.dir/C_/VSARM/sdk/pico/pico-sdk/src/rp2_common/hardware_irq/irq.c.obj
                0x10000cec                irq_remove_handler
 .text.irq_add_tail_to_free_list
                0x10000e74       0xf0 CMakeFiles/PWM.dir/C_/VSARM/sdk/pico/pico-sdk/src/rp2_common/hardware_irq/irq.c.obj
                0x10000e74                irq_add_tail_to_free_list
 .text.irq_init_priorities
                0x10000f64       0x1c CMakeFiles/PWM.dir/C_/VSARM/sdk/pico/pico-sdk/src/rp2_common/hardware_irq/irq.c.obj
                0x10000f64                irq_init_priorities
 .text.user_irq_claim_unused
                0x10000f80       0x2c CMakeFiles/PWM.dir/C_/VSARM/sdk/pico/pico-sdk/src/rp2_common/hardware_irq/irq.c.obj
                0x10000f80                user_irq_claim_unused
 .text.lock_init
                0x10000fac       0x10 CMakeFiles/PWM.dir/C_/VSARM/sdk/pico/pico-sdk/src/common/pico_sync/lock_core.c.obj
                0x10000fac                lock_init
 .text.update_us_since_boot
                0x10000fbc       0x24 CMakeFiles/PWM.dir/C_/VSARM/sdk/pico/pico-sdk/src/common/pico_sync/mutex.c.obj
 .text.delayed_by_ms
                0x10000fe0       0x44 CMakeFiles/PWM.dir/C_/VSARM/sdk/pico/pico-sdk/src/common/pico_sync/mutex.c.obj
 .text.get_absolute_time
                0x10001024       0x22 CMakeFiles/PWM.dir/C_/VSARM/sdk/pico/pico-sdk/src/common/pico_sync/mutex.c.obj
 .text.make_timeout_time_ms
                0x10001046       0x20 CMakeFiles/PWM.dir/C_/VSARM/sdk/pico/pico-sdk/src/common/pico_sync/mutex.c.obj
 .text.mutex_init
                0x10001066       0x1a CMakeFiles/PWM.dir/C_/VSARM/sdk/pico/pico-sdk/src/common/pico_sync/mutex.c.obj
                0x10001066                mutex_init
 .text.recursive_mutex_init
                0x10001080       0x1e CMakeFiles/PWM.dir/C_/VSARM/sdk/pico/pico-sdk/src/common/pico_sync/mutex.c.obj
                0x10001080                recursive_mutex_init
 *fill*         0x1000109e        0x2 
 .text.critical_section_init_with_lock_num
                0x100010a0       0x14 CMakeFiles/PWM.dir/C_/VSARM/sdk/pico/pico-sdk/src/common/pico_sync/critical_section.c.obj
                0x100010a0                critical_section_init_with_lock_num
 .text.critical_section_init
                0x100010b4       0x14 CMakeFiles/PWM.dir/C_/VSARM/sdk/pico/pico-sdk/src/common/pico_sync/critical_section.c.obj
                0x100010b4                critical_section_init
 .text.time_reached
                0x100010c8       0x28 CMakeFiles/PWM.dir/C_/VSARM/sdk/pico/pico-sdk/src/common/pico_time/time.c.obj
 .text.get_entry
                0x100010f0       0x38 CMakeFiles/PWM.dir/C_/VSARM/sdk/pico/pico-sdk/src/common/pico_time/time.c.obj
 .text.timer_pool_entry_comparator
                0x10001128       0x2e CMakeFiles/PWM.dir/C_/VSARM/sdk/pico/pico-sdk/src/common/pico_time/time.c.obj
                0x10001128                timer_pool_entry_comparator
 *fill*         0x10001156        0x2 
 .text.update_us_since_boot
                0x10001158       0x24 CMakeFiles/PWM.dir/C_/VSARM/sdk/pico/pico-sdk/src/common/pico_time/time.c.obj
 .text.delayed_by_us
                0x1000117c       0x34 CMakeFiles/PWM.dir/C_/VSARM/sdk/pico/pico-sdk/src/common/pico_time/time.c.obj
 .text.ph_get_node
                0x100011b0       0x30 CMakeFiles/PWM.dir/C_/VSARM/sdk/pico/pico-sdk/src/common/pico_time/time.c.obj
 .text.ph_contains_node
                0x100011e0       0x1e CMakeFiles/PWM.dir/C_/VSARM/sdk/pico/pico-sdk/src/common/pico_time/time.c.obj
 .text.ph_new_node
                0x100011fe       0x28 CMakeFiles/PWM.dir/C_/VSARM/sdk/pico/pico-sdk/src/common/pico_time/time.c.obj
 *fill*         0x10001226        0x2 
 .text.ph_add_child_node
                0x10001228       0x6c CMakeFiles/PWM.dir/C_/VSARM/sdk/pico/pico-sdk/src/common/pico_time/time.c.obj
 .text.ph_merge_nodes
                0x10001294       0x3e CMakeFiles/PWM.dir/C_/VSARM/sdk/pico/pico-sdk/src/common/pico_time/time.c.obj
 *fill*         0x100012d2        0x2 
 .text.ph_insert_node
                0x100012d4       0x3c CMakeFiles/PWM.dir/C_/VSARM/sdk/pico/pico-sdk/src/common/pico_time/time.c.obj
 .text.ph_free_node
                0x10001310       0x5c CMakeFiles/PWM.dir/C_/VSARM/sdk/pico/pico-sdk/src/common/pico_time/time.c.obj
 .text.get_entry_id_high
                0x1000136c       0x30 CMakeFiles/PWM.dir/C_/VSARM/sdk/pico/pico-sdk/src/common/pico_time/time.c.obj
 .text.alarm_pool_post_alloc_init
                0x1000139c       0x40 CMakeFiles/PWM.dir/C_/VSARM/sdk/pico/pico-sdk/src/common/pico_time/time.c.obj
 .text.sleep_until_callback
                0x100013dc       0x30 CMakeFiles/PWM.dir/C_/VSARM/sdk/pico/pico-sdk/src/common/pico_time/time.c.obj
 .text.get_absolute_time
                0x1000140c       0x22 CMakeFiles/PWM.dir/C_/VSARM/sdk/pico/pico-sdk/src/common/pico_time/time.c.obj
 .text.make_timeout_time_us
                0x1000142e       0x24 CMakeFiles/PWM.dir/C_/VSARM/sdk/pico/pico-sdk/src/common/pico_time/time.c.obj
 *fill*         0x10001452        0x2 
 .text.add_alarm_under_lock
                0x10001454       0x94 CMakeFiles/PWM.dir/C_/VSARM/sdk/pico/pico-sdk/src/common/pico_time/time.c.obj
 .text.alarm_pool_alarm_callback
                0x100014e8      0x210 CMakeFiles/PWM.dir/C_/VSARM/sdk/pico/pico-sdk/src/common/pico_time/time.c.obj
 .text.alarm_pool_init_default
                0x100016f8       0x40 CMakeFiles/PWM.dir/C_/VSARM/sdk/pico/pico-sdk/src/common/pico_time/time.c.obj
                0x100016f8                alarm_pool_init_default
 .text.alarm_pool_get_default
                0x10001738       0x2c CMakeFiles/PWM.dir/C_/VSARM/sdk/pico/pico-sdk/src/common/pico_time/time.c.obj
                0x10001738                alarm_pool_get_default
 .text.alarm_pool_add_alarm_at
                0x10001764      0x10e CMakeFiles/PWM.dir/C_/VSARM/sdk/pico/pico-sdk/src/common/pico_time/time.c.obj
                0x10001764                alarm_pool_add_alarm_at
 .text.add_alarm_at
                0x10001872       0x2e CMakeFiles/PWM.dir/C_/VSARM/sdk/pico/pico-sdk/src/common/pico_time/time.c.obj
 .text.alarm_pool_cancel_alarm
                0x100018a0       0xa8 CMakeFiles/PWM.dir/C_/VSARM/sdk/pico/pico-sdk/src/common/pico_time/time.c.obj
                0x100018a0                alarm_pool_cancel_alarm
 .text.cancel_alarm
                0x10001948       0x10 CMakeFiles/PWM.dir/C_/VSARM/sdk/pico/pico-sdk/src/common/pico_time/time.c.obj
 .text.alarm_pool_core_num
                0x10001958        0x4 CMakeFiles/PWM.dir/C_/VSARM/sdk/pico/pico-sdk/src/common/pico_time/time.c.obj
                0x10001958                alarm_pool_core_num
 .text.sleep_until
                0x1000195c       0xb0 CMakeFiles/PWM.dir/C_/VSARM/sdk/pico/pico-sdk/src/common/pico_time/time.c.obj
                0x1000195c                sleep_until
 .text.sleep_us
                0x10001a0c       0x1a CMakeFiles/PWM.dir/C_/VSARM/sdk/pico/pico-sdk/src/common/pico_time/time.c.obj
                0x10001a0c                sleep_us
 .text.sleep_ms
                0x10001a26       0x14 CMakeFiles/PWM.dir/C_/VSARM/sdk/pico/pico-sdk/src/common/pico_time/time.c.obj
                0x10001a26                sleep_ms
 *fill*         0x10001a3a        0x2 
 .text.best_effort_wfe_or_timeout
                0x10001a3c       0x44 CMakeFiles/PWM.dir/C_/VSARM/sdk/pico/pico-sdk/src/common/pico_time/time.c.obj
                0x10001a3c                best_effort_wfe_or_timeout
 .text.hardware_alarm_irq_handler
                0x10001a80       0x8c CMakeFiles/PWM.dir/C_/VSARM/sdk/pico/pico-sdk/src/rp2_common/hardware_timer/timer.c.obj
 .text.hardware_alarm_claim
                0x10001b0c       0x18 CMakeFiles/PWM.dir/C_/VSARM/sdk/pico/pico-sdk/src/rp2_common/hardware_timer/timer.c.obj
                0x10001b0c                hardware_alarm_claim
 .text.time_us_64
                0x10001b24       0x18 CMakeFiles/PWM.dir/C_/VSARM/sdk/pico/pico-sdk/src/rp2_common/hardware_timer/timer.c.obj
                0x10001b24                time_us_64
 .text.busy_wait_until
                0x10001b3c       0x28 CMakeFiles/PWM.dir/C_/VSARM/sdk/pico/pico-sdk/src/rp2_common/hardware_timer/timer.c.obj
                0x10001b3c                busy_wait_until
 .text.hardware_alarm_set_callback
                0x10001b64       0x90 CMakeFiles/PWM.dir/C_/VSARM/sdk/pico/pico-sdk/src/rp2_common/hardware_timer/timer.c.obj
                0x10001b64                hardware_alarm_set_callback
 .text.hardware_alarm_set_target
                0x10001bf4       0xe8 CMakeFiles/PWM.dir/C_/VSARM/sdk/pico/pico-sdk/src/rp2_common/hardware_timer/timer.c.obj
                0x10001bf4                hardware_alarm_set_target
 .text.hardware_alarm_cancel
                0x10001cdc       0x40 CMakeFiles/PWM.dir/C_/VSARM/sdk/pico/pico-sdk/src/rp2_common/hardware_timer/timer.c.obj
                0x10001cdc                hardware_alarm_cancel
 .text.ph_get_node
                0x10001d1c       0x30 CMakeFiles/PWM.dir/C_/VSARM/sdk/pico/pico-sdk/src/common/pico_util/pheap.c.obj
 .text.ph_add_child_node
                0x10001d4c       0x6c CMakeFiles/PWM.dir/C_/VSARM/sdk/pico/pico-sdk/src/common/pico_util/pheap.c.obj
 .text.ph_merge_nodes
                0x10001db8       0x3e CMakeFiles/PWM.dir/C_/VSARM/sdk/pico/pico-sdk/src/common/pico_util/pheap.c.obj
 .text.ph_clear
                0x10001df6       0x34 CMakeFiles/PWM.dir/C_/VSARM/sdk/pico/pico-sdk/src/common/pico_util/pheap.c.obj
                0x10001df6                ph_clear
 .text.ph_post_alloc_init
                0x10001e2a        0xe CMakeFiles/PWM.dir/C_/VSARM/sdk/pico/pico-sdk/src/common/pico_util/pheap.c.obj
                0x10001e2a                ph_post_alloc_init
 .text.ph_merge_two_pass
                0x10001e38       0x5c CMakeFiles/PWM.dir/C_/VSARM/sdk/pico/pico-sdk/src/common/pico_util/pheap.c.obj
                0x10001e38                ph_merge_two_pass
 .text.ph_remove_any_head
                0x10001e94       0xc0 CMakeFiles/PWM.dir/C_/VSARM/sdk/pico/pico-sdk/src/common/pico_util/pheap.c.obj
 .text.ph_remove_head
                0x10001f54       0x14 CMakeFiles/PWM.dir/C_/VSARM/sdk/pico/pico-sdk/src/common/pico_util/pheap.c.obj
                0x10001f54                ph_remove_head
 .text.ph_remove_and_free_node
                0x10001f68       0xa0 CMakeFiles/PWM.dir/C_/VSARM/sdk/pico/pico-sdk/src/common/pico_util/pheap.c.obj
                0x10001f68                ph_remove_and_free_node
 .text.element_ptr
                0x10002008       0x2c CMakeFiles/PWM.dir/C_/VSARM/sdk/pico/pico-sdk/src/common/pico_util/queue.c.obj
 .text.queue_add_internal
                0x10002034       0x88 CMakeFiles/PWM.dir/C_/VSARM/sdk/pico/pico-sdk/src/common/pico_util/queue.c.obj
 .text.queue_remove_internal
                0x100020bc       0x88 CMakeFiles/PWM.dir/C_/VSARM/sdk/pico/pico-sdk/src/common/pico_util/queue.c.obj
 .text.queue_init_with_spinlock
                0x10002144       0x24 CMakeFiles/PWM.dir/C_/VSARM/sdk/pico/pico-sdk/src/common/pico_util/queue.c.obj
                0x10002144                queue_init_with_spinlock
 .text.queue_try_add
                0x10002168        0xa CMakeFiles/PWM.dir/C_/VSARM/sdk/pico/pico-sdk/src/common/pico_util/queue.c.obj
                0x10002168                queue_try_add
 .text.queue_try_remove
                0x10002172        0xa CMakeFiles/PWM.dir/C_/VSARM/sdk/pico/pico-sdk/src/common/pico_util/queue.c.obj
                0x10002172                queue_try_remove
 .text.clock_configure
                0x1000217c      0x108 CMakeFiles/PWM.dir/C_/VSARM/sdk/pico/pico-sdk/src/rp2_common/hardware_clocks/clocks.c.obj
                0x1000217c                clock_configure
 .text.clocks_init
                0x10002284      0x100 CMakeFiles/PWM.dir/C_/VSARM/sdk/pico/pico-sdk/src/rp2_common/hardware_clocks/clocks.c.obj
                0x10002284                clocks_init
 .text.pll_init
                0x10002384      0x120 CMakeFiles/PWM.dir/C_/VSARM/sdk/pico/pico-sdk/src/rp2_common/hardware_pll/pll.c.obj
                0x10002384                pll_init
 .text.watchdog_start_tick
                0x100024a4       0x10 CMakeFiles/PWM.dir/C_/VSARM/sdk/pico/pico-sdk/src/rp2_common/hardware_watchdog/watchdog.c.obj
                0x100024a4                watchdog_start_tick
 .text.watchdog_update
                0x100024b4       0x14 CMakeFiles/PWM.dir/C_/VSARM/sdk/pico/pico-sdk/src/rp2_common/hardware_watchdog/watchdog.c.obj
                0x100024b4                watchdog_update
 .text._watchdog_enable
                0x100024c8       0x78 CMakeFiles/PWM.dir/C_/VSARM/sdk/pico/pico-sdk/src/rp2_common/hardware_watchdog/watchdog.c.obj
                0x100024c8                _watchdog_enable
 .text.watchdog_reboot
                0x10002540       0x48 CMakeFiles/PWM.dir/C_/VSARM/sdk/pico/pico-sdk/src/rp2_common/hardware_watchdog/watchdog.c.obj
                0x10002540                watchdog_reboot
 .text.xosc_init
                0x10002588       0x28 CMakeFiles/PWM.dir/C_/VSARM/sdk/pico/pico-sdk/src/rp2_common/hardware_xosc/xosc.c.obj
                0x10002588                xosc_init
 .text._exit    0x100025b0        0x4 CMakeFiles/PWM.dir/C_/VSARM/sdk/pico/pico-sdk/src/rp2_common/pico_runtime/runtime.c.obj
                0x100025b0                _exit
 .text._sbrk    0x100025b4       0x38 CMakeFiles/PWM.dir/C_/VSARM/sdk/pico/pico-sdk/src/rp2_common/pico_runtime/runtime.c.obj
                0x100025b4                _sbrk
 .text.exit     0x100025ec        0x6 CMakeFiles/PWM.dir/C_/VSARM/sdk/pico/pico-sdk/src/rp2_common/pico_runtime/runtime.c.obj
                0x100025ec                exit
 *fill*         0x100025f2        0x2 
 .text.__assert_func
                0x100025f4       0x38 CMakeFiles/PWM.dir/C_/VSARM/sdk/pico/pico-sdk/src/rp2_common/pico_runtime/runtime.c.obj
                0x100025f4                __assert_func
 .text.runtime_init
                0x1000262c       0xf8 CMakeFiles/PWM.dir/C_/VSARM/sdk/pico/pico-sdk/src/rp2_common/pico_runtime/runtime.c.obj
                0x1000262c                runtime_init
 .text.panic    0x10002724       0x30 CMakeFiles/PWM.dir/C_/VSARM/sdk/pico/pico-sdk/src/rp2_common/pico_runtime/runtime.c.obj
                0x10002724                panic
 .text._out_null
                0x10002754        0x2 CMakeFiles/PWM.dir/C_/VSARM/sdk/pico/pico-sdk/src/rp2_common/pico_printf/printf.c.obj
 .text._out_fct
                0x10002756        0xe CMakeFiles/PWM.dir/C_/VSARM/sdk/pico/pico-sdk/src/rp2_common/pico_printf/printf.c.obj
 .text._atoi    0x10002764       0x24 CMakeFiles/PWM.dir/C_/VSARM/sdk/pico/pico-sdk/src/rp2_common/pico_printf/printf.c.obj
 .text._out_rev
                0x10002788       0xae CMakeFiles/PWM.dir/C_/VSARM/sdk/pico/pico-sdk/src/rp2_common/pico_printf/printf.c.obj
 .text._ntoa_format
                0x10002836      0x110 CMakeFiles/PWM.dir/C_/VSARM/sdk/pico/pico-sdk/src/rp2_common/pico_printf/printf.c.obj
 .text._ntoa_long
                0x10002946       0xbc CMakeFiles/PWM.dir/C_/VSARM/sdk/pico/pico-sdk/src/rp2_common/pico_printf/printf.c.obj
 .text._ntoa_long_long
                0x10002a02      0x10e CMakeFiles/PWM.dir/C_/VSARM/sdk/pico/pico-sdk/src/rp2_common/pico_printf/printf.c.obj
 .text._etoa    0x10002b10      0x420 CMakeFiles/PWM.dir/C_/VSARM/sdk/pico/pico-sdk/src/rp2_common/pico_printf/printf.c.obj
 .text._ftoa    0x10002f30      0x354 CMakeFiles/PWM.dir/C_/VSARM/sdk/pico/pico-sdk/src/rp2_common/pico_printf/printf.c.obj
 .text._vsnprintf
                0x10003284      0x65c CMakeFiles/PWM.dir/C_/VSARM/sdk/pico/pico-sdk/src/rp2_common/pico_printf/printf.c.obj
 .text.vfctprintf
                0x100038e0       0x20 CMakeFiles/PWM.dir/C_/VSARM/sdk/pico/pico-sdk/src/rp2_common/pico_printf/printf.c.obj
                0x100038e0                vfctprintf
 .text          0x10003900       0x10 CMakeFiles/PWM.dir/C_/VSARM/sdk/pico/pico-sdk/src/rp2_common/pico_bit_ops/bit_ops_aeabi.S.obj
 .text.rom_func_lookup
                0x10003910       0x10 CMakeFiles/PWM.dir/C_/VSARM/sdk/pico/pico-sdk/src/rp2_common/pico_bootrom/bootrom.c.obj
                0x10003910                rom_func_lookup
 .text.rom_data_lookup
                0x10003920       0x10 CMakeFiles/PWM.dir/C_/VSARM/sdk/pico/pico-sdk/src/rp2_common/pico_bootrom/bootrom.c.obj
                0x10003920                rom_data_lookup
 .text.rom_funcs_lookup
                0x10003930       0x36 CMakeFiles/PWM.dir/C_/VSARM/sdk/pico/pico-sdk/src/rp2_common/pico_bootrom/bootrom.c.obj
                0x10003930                rom_funcs_lookup
 *fill*         0x10003966        0x2 
 .text.__wrap___aeabi_idiv
                0x10003968       0x50 CMakeFiles/PWM.dir/C_/VSARM/sdk/pico/pico-sdk/src/rp2_common/pico_divider/divider.S.obj
                0x10003968                __wrap___aeabi_idivmod
                0x10003968                divmod_s32s32
                0x10003968                div_s32s32
                0x10003968                __wrap___aeabi_idiv
                0x10003970                divmod_s32s32_unsafe
                0x1000399c                divmod_s32s32_savestate
 .text.__wrap___aeabi_uidiv
                0x100039b8       0x4c CMakeFiles/PWM.dir/C_/VSARM/sdk/pico/pico-sdk/src/rp2_common/pico_divider/divider.S.obj
                0x100039b8                __wrap___aeabi_uidiv
                0x100039b8                __wrap___aeabi_uidivmod
                0x100039b8                div_u32u32
                0x100039b8                divmod_u32u32
                0x100039c0                divmod_u32u32_unsafe
                0x100039e8                divmod_u32u32_savestate
 .text.__wrap___aeabi_ldiv
                0x10003a04      0x424 CMakeFiles/PWM.dir/C_/VSARM/sdk/pico/pico-sdk/src/rp2_common/pico_divider/divider.S.obj
                0x10003a04                div_s64s64
                0x10003a04                divmod_s64s64
                0x10003a04                __wrap___aeabi_ldivmod
                0x10003a34                divmod_u64u64
                0x10003a34                div_u64u64
                0x10003a34                __wrap___aeabi_uldivmod
                0x10003a44                divmod_u64u64_savestate
                0x10003a64                divmod_s64s64_unsafe
                0x10003aec                divmod_u64u64_unsafe
 .text.__wrap___aeabi_darithmetic
                0x10003e28       0x80 CMakeFiles/PWM.dir/C_/VSARM/sdk/pico/pico-sdk/src/rp2_common/pico_double/double_aeabi.S.obj
                0x10003e28                __wrap___aeabi_drsub
                0x10003e2e                __wrap___aeabi_dsub
                0x10003e40                __wrap___aeabi_dadd
                0x10003e52                __wrap___aeabi_ddiv
                0x10003e8e                __wrap___aeabi_dmul
 .text.__wrap___aeabi_cdcmple
                0x10003ea8       0x6c CMakeFiles/PWM.dir/C_/VSARM/sdk/pico/pico-sdk/src/rp2_common/pico_double/double_aeabi.S.obj
                0x10003ea8                __wrap___aeabi_cdrcmple
                0x10003eb8                __wrap___aeabi_cdcmpeq
                0x10003eb8                __wrap___aeabi_cdcmple
 .text.__wrap___aeabi_dcmplt
                0x10003f14        0xc CMakeFiles/PWM.dir/C_/VSARM/sdk/pico/pico-sdk/src/rp2_common/pico_double/double_aeabi.S.obj
                0x10003f14                __wrap___aeabi_dcmplt
 .text.__wrap___aeabi_dcmple
                0x10003f20       0x10 CMakeFiles/PWM.dir/C_/VSARM/sdk/pico/pico-sdk/src/rp2_common/pico_double/double_aeabi.S.obj
                0x10003f20                __wrap___aeabi_dcmple
 .text.__wrap___aeabi_dcmpge
                0x10003f30       0x10 CMakeFiles/PWM.dir/C_/VSARM/sdk/pico/pico-sdk/src/rp2_common/pico_double/double_aeabi.S.obj
                0x10003f30                __wrap___aeabi_dcmpge
 .text.__wrap___aeabi_dcmpgt
                0x10003f40        0xa CMakeFiles/PWM.dir/C_/VSARM/sdk/pico/pico-sdk/src/rp2_common/pico_double/double_aeabi.S.obj
                0x10003f40                __wrap___aeabi_dcmpgt
 .text.__wrap___aeabi_dcmpun
                0x10003f4a       0x1c CMakeFiles/PWM.dir/C_/VSARM/sdk/pico/pico-sdk/src/rp2_common/pico_double/double_aeabi.S.obj
                0x10003f4a                __wrap___aeabi_dcmpun
 *fill*         0x10003f66        0x2 
 .text.__wrap___aeabi_i2d
                0x10003f68       0x38 CMakeFiles/PWM.dir/C_/VSARM/sdk/pico/pico-sdk/src/rp2_common/pico_double/double_aeabi.S.obj
                0x10003f68                __wrap___aeabi_ui2d
                0x10003f70                __wrap___aeabi_i2d
 .text.__wrap___aeabi_d2iz
                0x10003fa0       0x48 CMakeFiles/PWM.dir/C_/VSARM/sdk/pico/pico-sdk/src/rp2_common/pico_double/double_aeabi.S.obj
                0x10003fa0                double2int_z
                0x10003fa0                __wrap___aeabi_d2iz
 .text.__wrap___aeabi_d2uiz
                0x10003fe8       0x18 CMakeFiles/PWM.dir/C_/VSARM/sdk/pico/pico-sdk/src/rp2_common/pico_double/double_aeabi.S.obj
                0x10003fe8                __wrap___aeabi_d2uiz
                0x10003fe8                double2uint
 .text.__aeabi_double_init
                0x10004000       0xcc CMakeFiles/PWM.dir/C_/VSARM/sdk/pico/pico-sdk/src/rp2_common/pico_double/double_init_rom.c.obj
                0x10004000                __aeabi_double_init
 .text.double_table_shim_on_use_helper
                0x100040cc       0x34 CMakeFiles/PWM.dir/C_/VSARM/sdk/pico/pico-sdk/src/rp2_common/pico_double/double_v1_rom_shim.S.obj
                0x100040cc                double_table_shim_on_use_helper
 .text.__wrap___aeabi_dsub
                0x10004100       0x10 CMakeFiles/PWM.dir/C_/VSARM/sdk/pico/pico-sdk/src/rp2_common/pico_double/double_v1_rom_shim.S.obj
                0x10004100                drsub_shim
                0x10004106                dsub_shim
 .text.dadd_shim
                0x10004110      0x15c CMakeFiles/PWM.dir/C_/VSARM/sdk/pico/pico-sdk/src/rp2_common/pico_double/double_v1_rom_shim.S.obj
                0x10004110                dadd_shim
 .text.dmul_shim
                0x1000426c      0x15c CMakeFiles/PWM.dir/C_/VSARM/sdk/pico/pico-sdk/src/rp2_common/pico_double/double_v1_rom_shim.S.obj
                0x1000426c                dmul_shim
 .text.ddiv_shim
                0x100043c8      0x1b0 CMakeFiles/PWM.dir/C_/VSARM/sdk/pico/pico-sdk/src/rp2_common/pico_double/double_v1_rom_shim.S.obj
                0x100043c8                ddiv_shim
 .text.double2uint_shim
                0x10004578        0xe CMakeFiles/PWM.dir/C_/VSARM/sdk/pico/pico-sdk/src/rp2_common/pico_double/double_v1_rom_shim.S.obj
                0x10004578                double2uint_shim
                0x1000457a                double2ufix_shim
 *fill*         0x10004586        0x2 
 .text.double2uint64_shim
                0x10004588       0x70 CMakeFiles/PWM.dir/C_/VSARM/sdk/pico/pico-sdk/src/rp2_common/pico_double/double_v1_rom_shim.S.obj
                0x10004588                double2uint64_shim
                0x1000458a                double2ufix64_shim
                0x100045aa                d2fix_a
 .text.dunpacks
                0x100045f8       0x3c CMakeFiles/PWM.dir/C_/VSARM/sdk/pico/pico-sdk/src/rp2_common/pico_double/double_v1_rom_shim.S.obj
                0x100045f8                dunpacks
 .text.__aeabi_lmul
                0x10004634       0x32 CMakeFiles/PWM.dir/C_/VSARM/sdk/pico/pico-sdk/src/rp2_common/pico_int64_ops/pico_int64_ops_aeabi.S.obj
                0x10004634                __wrap___aeabi_lmul
 *fill*         0x10004666        0x2 
 .text.__aeabi_float_init
                0x10004668       0xfc CMakeFiles/PWM.dir/C_/VSARM/sdk/pico/pico-sdk/src/rp2_common/pico_float/float_init_rom.c.obj
                0x10004668                __aeabi_float_init
 .text.float_table_shim_on_use_helper
                0x10004764       0x34 CMakeFiles/PWM.dir/C_/VSARM/sdk/pico/pico-sdk/src/rp2_common/pico_float/float_v1_rom_shim.S.obj
                0x10004764                float_table_shim_on_use_helper
 .text.check_alloc
                0x10004798       0x20 CMakeFiles/PWM.dir/C_/VSARM/sdk/pico/pico-sdk/src/rp2_common/pico_malloc/pico_malloc.c.obj
 .text.__wrap_calloc
                0x100047b8       0x14 CMakeFiles/PWM.dir/C_/VSARM/sdk/pico/pico-sdk/src/rp2_common/pico_malloc/pico_malloc.c.obj
                0x100047b8                __wrap_calloc
 .text          0x100047cc       0x10 CMakeFiles/PWM.dir/C_/VSARM/sdk/pico/pico-sdk/src/rp2_common/pico_mem_ops/mem_ops_aeabi.S.obj
                0x100047cc                __aeabi_mem_init
 .text.memset   0x100047dc        0xc CMakeFiles/PWM.dir/C_/VSARM/sdk/pico/pico-sdk/src/rp2_common/pico_mem_ops/mem_ops_aeabi.S.obj
                0x100047dc                __wrap_memset
 .text.memcpy   0x100047e8        0xc CMakeFiles/PWM.dir/C_/VSARM/sdk/pico/pico-sdk/src/rp2_common/pico_mem_ops/mem_ops_aeabi.S.obj
                0x100047e8                __wrap_memcpy
                0x100047e8                __wrap___aeabi_memcpy
 .text.stdio_out_chars_no_crlf
                0x100047f4        0xe CMakeFiles/PWM.dir/C_/VSARM/sdk/pico/pico-sdk/src/rp2_common/pico_stdio/stdio.c.obj
 *fill*         0x10004802        0x2 
 .text.stdio_out_chars_crlf
                0x10004804       0x80 CMakeFiles/PWM.dir/C_/VSARM/sdk/pico/pico-sdk/src/rp2_common/pico_stdio/stdio.c.obj
 .text.stdio_stack_buffer_flush
                0x10004884       0x44 CMakeFiles/PWM.dir/C_/VSARM/sdk/pico/pico-sdk/src/rp2_common/pico_stdio/stdio.c.obj
 .text.stdio_buffered_printer
                0x100048c8       0x20 CMakeFiles/PWM.dir/C_/VSARM/sdk/pico/pico-sdk/src/rp2_common/pico_stdio/stdio.c.obj
 .text.update_us_since_boot
                0x100048e8       0x24 CMakeFiles/PWM.dir/C_/VSARM/sdk/pico/pico-sdk/src/rp2_common/pico_stdio/stdio.c.obj
 .text.get_absolute_time
                0x1000490c       0x22 CMakeFiles/PWM.dir/C_/VSARM/sdk/pico/pico-sdk/src/rp2_common/pico_stdio/stdio.c.obj
 *fill*         0x1000492e        0x2 
 .text.delayed_by_ms
                0x10004930       0x44 CMakeFiles/PWM.dir/C_/VSARM/sdk/pico/pico-sdk/src/rp2_common/pico_stdio/stdio.c.obj
 .text.make_timeout_time_ms
                0x10004974       0x20 CMakeFiles/PWM.dir/C_/VSARM/sdk/pico/pico-sdk/src/rp2_common/pico_stdio/stdio.c.obj
 .text.stdout_serialize_begin
                0x10004994       0x20 CMakeFiles/PWM.dir/C_/VSARM/sdk/pico/pico-sdk/src/rp2_common/pico_stdio/stdio.c.obj
                0x10004994                stdout_serialize_begin
 .text.stdout_serialize_end
                0x100049b4       0x10 CMakeFiles/PWM.dir/C_/VSARM/sdk/pico/pico-sdk/src/rp2_common/pico_stdio/stdio.c.obj
                0x100049b4                stdout_serialize_end
 .text.stdio_put_string
                0x100049c4       0x98 CMakeFiles/PWM.dir/C_/VSARM/sdk/pico/pico-sdk/src/rp2_common/pico_stdio/stdio.c.obj
 .text.stdio_set_driver_enabled
                0x10004a5c       0x2c CMakeFiles/PWM.dir/C_/VSARM/sdk/pico/pico-sdk/src/rp2_common/pico_stdio/stdio.c.obj
                0x10004a5c                stdio_set_driver_enabled
 .text.stdio_flush
                0x10004a88       0x20 CMakeFiles/PWM.dir/C_/VSARM/sdk/pico/pico-sdk/src/rp2_common/pico_stdio/stdio.c.obj
                0x10004a88                stdio_flush
 .text.__wrap_puts
                0x10004aa8       0x1e CMakeFiles/PWM.dir/C_/VSARM/sdk/pico/pico-sdk/src/rp2_common/pico_stdio/stdio.c.obj
                0x10004aa8                __wrap_puts
 *fill*         0x10004ac6        0x2 
 .text.__wrap_vprintf
                0x10004ac8       0x40 CMakeFiles/PWM.dir/C_/VSARM/sdk/pico/pico-sdk/src/rp2_common/pico_stdio/stdio.c.obj
                0x10004ac8                __wrap_vprintf
 .text.__wrap_printf
                0x10004b08       0x18 CMakeFiles/PWM.dir/C_/VSARM/sdk/pico/pico-sdk/src/rp2_common/pico_stdio/stdio.c.obj
                0x10004b08                __wrap_printf
 .text.stdio_init_all
                0x10004b20        0x8 CMakeFiles/PWM.dir/C_/VSARM/sdk/pico/pico-sdk/src/rp2_common/pico_stdio/stdio.c.obj
                0x10004b20                stdio_init_all
 .text.resetd_init
                0x10004b28        0x2 CMakeFiles/PWM.dir/C_/VSARM/sdk/pico/pico-sdk/src/rp2_common/pico_stdio_usb/reset_interface.c.obj
 *fill*         0x10004b2a        0x2 
 .text.resetd_reset
                0x10004b2c        0xc CMakeFiles/PWM.dir/C_/VSARM/sdk/pico/pico-sdk/src/rp2_common/pico_stdio_usb/reset_interface.c.obj
 .text.resetd_open
                0x10004b38       0x34 CMakeFiles/PWM.dir/C_/VSARM/sdk/pico/pico-sdk/src/rp2_common/pico_stdio_usb/reset_interface.c.obj
 .text.resetd_xfer_cb
                0x10004b6c        0x4 CMakeFiles/PWM.dir/C_/VSARM/sdk/pico/pico-sdk/src/rp2_common/pico_stdio_usb/reset_interface.c.obj
 .text.reset_usb_boot
                0x10004b70       0x18 CMakeFiles/PWM.dir/C_/VSARM/sdk/pico/pico-sdk/src/rp2_common/pico_stdio_usb/reset_interface.c.obj
 .text.resetd_control_xfer_cb
                0x10004b88       0x5c CMakeFiles/PWM.dir/C_/VSARM/sdk/pico/pico-sdk/src/rp2_common/pico_stdio_usb/reset_interface.c.obj
 .text.usbd_app_driver_get_cb
                0x10004be4        0xc CMakeFiles/PWM.dir/C_/VSARM/sdk/pico/pico-sdk/src/rp2_common/pico_stdio_usb/reset_interface.c.obj
                0x10004be4                usbd_app_driver_get_cb
 .text.tud_cdc_line_coding_cb
                0x10004bf0       0x28 CMakeFiles/PWM.dir/C_/VSARM/sdk/pico/pico-sdk/src/rp2_common/pico_stdio_usb/reset_interface.c.obj
                0x10004bf0                tud_cdc_line_coding_cb
 .text.stdio_usb_set_chars_available_callback
                0x10004c18       0x14 CMakeFiles/PWM.dir/C_/VSARM/sdk/pico/pico-sdk/src/rp2_common/pico_stdio_usb/stdio_usb.c.obj
                0x10004c18                stdio_usb_set_chars_available_callback
 .text.update_us_since_boot
                0x10004c2c       0x24 CMakeFiles/PWM.dir/C_/VSARM/sdk/pico/pico-sdk/src/rp2_common/pico_stdio_usb/stdio_usb.c.obj
 .text.get_absolute_time
                0x10004c50       0x22 CMakeFiles/PWM.dir/C_/VSARM/sdk/pico/pico-sdk/src/rp2_common/pico_stdio_usb/stdio_usb.c.obj
 *fill*         0x10004c72        0x2 
 .text.delayed_by_ms
                0x10004c74       0x44 CMakeFiles/PWM.dir/C_/VSARM/sdk/pico/pico-sdk/src/rp2_common/pico_stdio_usb/stdio_usb.c.obj
 .text.make_timeout_time_ms
                0x10004cb8       0x20 CMakeFiles/PWM.dir/C_/VSARM/sdk/pico/pico-sdk/src/rp2_common/pico_stdio_usb/stdio_usb.c.obj
 .text.delayed_by_us
                0x10004cd8       0x34 CMakeFiles/PWM.dir/C_/VSARM/sdk/pico/pico-sdk/src/rp2_common/pico_stdio_usb/stdio_usb.c.obj
 .text.usb_irq  0x10004d0c       0x10 CMakeFiles/PWM.dir/C_/VSARM/sdk/pico/pico-sdk/src/rp2_common/pico_stdio_usb/stdio_usb.c.obj
 .text.critical_section_enter_blocking
                0x10004d1c       0x16 CMakeFiles/PWM.dir/C_/VSARM/sdk/pico/pico-sdk/src/rp2_common/pico_stdio_usb/stdio_usb.c.obj
 *fill*         0x10004d32        0x2 
 .text.timer_task
                0x10004d34       0x4c CMakeFiles/PWM.dir/C_/VSARM/sdk/pico/pico-sdk/src/rp2_common/pico_stdio_usb/stdio_usb.c.obj
 .text.alarm_pool_add_alarm_in_us
                0x10004d80       0x3a CMakeFiles/PWM.dir/C_/VSARM/sdk/pico/pico-sdk/src/rp2_common/pico_stdio_usb/stdio_usb.c.obj
 .text.add_alarm_in_us
                0x10004dba       0x2e CMakeFiles/PWM.dir/C_/VSARM/sdk/pico/pico-sdk/src/rp2_common/pico_stdio_usb/stdio_usb.c.obj
 .text.low_priority_worker_irq
                0x10004de8       0x7c CMakeFiles/PWM.dir/C_/VSARM/sdk/pico/pico-sdk/src/rp2_common/pico_stdio_usb/stdio_usb.c.obj
 .text.tud_cdc_rx_cb
                0x10004e64       0x20 CMakeFiles/PWM.dir/C_/VSARM/sdk/pico/pico-sdk/src/rp2_common/pico_stdio_usb/stdio_usb.c.obj
                0x10004e64                tud_cdc_rx_cb
 .text.stdio_usb_init
                0x10004e84       0xd0 CMakeFiles/PWM.dir/C_/VSARM/sdk/pico/pico-sdk/src/rp2_common/pico_stdio_usb/stdio_usb.c.obj
                0x10004e84                stdio_usb_init
 .text.stdio_usb_connected
                0x10004f54        0xa CMakeFiles/PWM.dir/C_/VSARM/sdk/pico/pico-sdk/src/rp2_common/pico_stdio_usb/stdio_usb.c.obj
                0x10004f54                stdio_usb_connected
 *fill*         0x10004f5e        0x2 
 .text.stdio_usb_in_chars
                0x10004f60       0x88 CMakeFiles/PWM.dir/C_/VSARM/sdk/pico/pico-sdk/src/rp2_common/pico_stdio_usb/stdio_usb.c.obj
                0x10004f60                stdio_usb_in_chars
 .text.stdio_usb_out_chars
                0x10004fe8       0xd8 CMakeFiles/PWM.dir/C_/VSARM/sdk/pico/pico-sdk/src/rp2_common/pico_stdio_usb/stdio_usb.c.obj
 .text.tud_descriptor_device_cb
                0x100050c0        0x8 CMakeFiles/PWM.dir/C_/VSARM/sdk/pico/pico-sdk/src/rp2_common/pico_stdio_usb/stdio_usb_descriptors.c.obj
                0x100050c0                tud_descriptor_device_cb
 .text.tud_descriptor_configuration_cb
                0x100050c8        0x8 CMakeFiles/PWM.dir/C_/VSARM/sdk/pico/pico-sdk/src/rp2_common/pico_stdio_usb/stdio_usb_descriptors.c.obj
                0x100050c8                tud_descriptor_configuration_cb
 .text.tud_descriptor_string_cb
                0x100050d0       0x6c CMakeFiles/PWM.dir/C_/VSARM/sdk/pico/pico-sdk/src/rp2_common/pico_stdio_usb/stdio_usb_descriptors.c.obj
                0x100050d0                tud_descriptor_string_cb
 .text._retrieve_unique_id_on_boot
                0x1000513c       0x10 CMakeFiles/PWM.dir/C_/VSARM/sdk/pico/pico-sdk/src/rp2_common/pico_unique_id/unique_id.c.obj
 .text.pico_get_unique_board_id_string
                0x1000514c       0x5c CMakeFiles/PWM.dir/C_/VSARM/sdk/pico/pico-sdk/src/rp2_common/pico_unique_id/unique_id.c.obj
                0x1000514c                pico_get_unique_board_id_string
 .text.flash_get_unique_id
                0x100051a8       0x46 CMakeFiles/PWM.dir/C_/VSARM/sdk/pico/pico-sdk/src/rp2_common/hardware_flash/flash.c.obj
                0x100051a8                flash_get_unique_id
 *fill*         0x100051ee        0x2 
 .text.hw_endpoint_get_by_addr
                0x100051f0       0x18 CMakeFiles/PWM.dir/C_/VSARM/sdk/pico/pico-sdk/lib/tinyusb/src/portable/raspberrypi/rp2040/dcd_rp2040.c.obj
 .text._hw_endpoint_alloc
                0x10005208       0x70 CMakeFiles/PWM.dir/C_/VSARM/sdk/pico/pico-sdk/lib/tinyusb/src/portable/raspberrypi/rp2040/dcd_rp2040.c.obj
 .text.hw_endpoint_init
                0x10005278       0x88 CMakeFiles/PWM.dir/C_/VSARM/sdk/pico/pico-sdk/lib/tinyusb/src/portable/raspberrypi/rp2040/dcd_rp2040.c.obj
 .text.dcd_event_sof
                0x10005300       0x2c CMakeFiles/PWM.dir/C_/VSARM/sdk/pico/pico-sdk/lib/tinyusb/src/portable/raspberrypi/rp2040/dcd_rp2040.c.obj
 .text.hw_endpoint_xfer
                0x1000532c       0x14 CMakeFiles/PWM.dir/C_/VSARM/sdk/pico/pico-sdk/lib/tinyusb/src/portable/raspberrypi/rp2040/dcd_rp2040.c.obj
 .text.dcd_int_enable
                0x10005340       0x2c CMakeFiles/PWM.dir/C_/VSARM/sdk/pico/pico-sdk/lib/tinyusb/src/portable/raspberrypi/rp2040/dcd_rp2040.c.obj
                0x10005340                dcd_int_enable
 .text.dcd_set_address
                0x1000536c       0x2c CMakeFiles/PWM.dir/C_/VSARM/sdk/pico/pico-sdk/lib/tinyusb/src/portable/raspberrypi/rp2040/dcd_rp2040.c.obj
                0x1000536c                dcd_set_address
 .text.dcd_connect
                0x10005398       0x10 CMakeFiles/PWM.dir/C_/VSARM/sdk/pico/pico-sdk/lib/tinyusb/src/portable/raspberrypi/rp2040/dcd_rp2040.c.obj
                0x10005398                dcd_connect
 .text.dcd_init
                0x100053a8       0x80 CMakeFiles/PWM.dir/C_/VSARM/sdk/pico/pico-sdk/lib/tinyusb/src/portable/raspberrypi/rp2040/dcd_rp2040.c.obj
                0x100053a8                dcd_init
 .text.dcd_edpt0_status_complete
                0x10005428       0x1c CMakeFiles/PWM.dir/C_/VSARM/sdk/pico/pico-sdk/lib/tinyusb/src/portable/raspberrypi/rp2040/dcd_rp2040.c.obj
                0x10005428                dcd_edpt0_status_complete
 .text.dcd_edpt_open
                0x10005444       0x40 CMakeFiles/PWM.dir/C_/VSARM/sdk/pico/pico-sdk/lib/tinyusb/src/portable/raspberrypi/rp2040/dcd_rp2040.c.obj
                0x10005444                dcd_edpt_open
 .text.dcd_edpt_close_all
                0x10005484        0x8 CMakeFiles/PWM.dir/C_/VSARM/sdk/pico/pico-sdk/lib/tinyusb/src/portable/raspberrypi/rp2040/dcd_rp2040.c.obj
                0x10005484                dcd_edpt_close_all
 .text.dcd_edpt_xfer
                0x1000548c       0x34 CMakeFiles/PWM.dir/C_/VSARM/sdk/pico/pico-sdk/lib/tinyusb/src/portable/raspberrypi/rp2040/dcd_rp2040.c.obj
                0x1000548c                dcd_edpt_xfer
 .text.dcd_edpt_stall
                0x100054c0       0x2c CMakeFiles/PWM.dir/C_/VSARM/sdk/pico/pico-sdk/lib/tinyusb/src/portable/raspberrypi/rp2040/dcd_rp2040.c.obj
                0x100054c0                dcd_edpt_stall
 .text.dcd_edpt_clear_stall
                0x100054ec       0x20 CMakeFiles/PWM.dir/C_/VSARM/sdk/pico/pico-sdk/lib/tinyusb/src/portable/raspberrypi/rp2040/dcd_rp2040.c.obj
                0x100054ec                dcd_edpt_clear_stall
 .text.rp2040_usb_init
                0x1000550c       0x4c CMakeFiles/PWM.dir/C_/VSARM/sdk/pico/pico-sdk/lib/tinyusb/src/portable/raspberrypi/rp2040/rp2040_usb.c.obj
                0x1000550c                rp2040_usb_init
 .text.hw_endpoint_xfer_start
                0x10005558       0x50 CMakeFiles/PWM.dir/C_/VSARM/sdk/pico/pico-sdk/lib/tinyusb/src/portable/raspberrypi/rp2040/rp2040_usb.c.obj
                0x10005558                hw_endpoint_xfer_start
 .text.configuration_reset
                0x100055a8       0x84 CMakeFiles/PWM.dir/C_/VSARM/sdk/pico/pico-sdk/lib/tinyusb/src/device/usbd.c.obj
 .text.critical_section_enter_blocking
                0x1000562c       0x16 CMakeFiles/PWM.dir/C_/VSARM/sdk/pico/pico-sdk/lib/tinyusb/src/device/usbd.c.obj
 .text.usbd_reset
                0x10005642        0xc CMakeFiles/PWM.dir/C_/VSARM/sdk/pico/pico-sdk/lib/tinyusb/src/device/usbd.c.obj
 .text.invoke_class_control
                0x1000564e       0x1a CMakeFiles/PWM.dir/C_/VSARM/sdk/pico/pico-sdk/lib/tinyusb/src/device/usbd.c.obj
 .text.process_set_config
                0x10005668      0x178 CMakeFiles/PWM.dir/C_/VSARM/sdk/pico/pico-sdk/lib/tinyusb/src/device/usbd.c.obj
 .text.process_get_descriptor
                0x100057e0       0xdc CMakeFiles/PWM.dir/C_/VSARM/sdk/pico/pico-sdk/lib/tinyusb/src/device/usbd.c.obj
 .text.tud_mounted
                0x100058bc       0x10 CMakeFiles/PWM.dir/C_/VSARM/sdk/pico/pico-sdk/lib/tinyusb/src/device/usbd.c.obj
                0x100058bc                tud_mounted
 .text.tud_suspended
                0x100058cc       0x10 CMakeFiles/PWM.dir/C_/VSARM/sdk/pico/pico-sdk/lib/tinyusb/src/device/usbd.c.obj
                0x100058cc                tud_suspended
 .text.tud_inited
                0x100058dc       0x14 CMakeFiles/PWM.dir/C_/VSARM/sdk/pico/pico-sdk/lib/tinyusb/src/device/usbd.c.obj
                0x100058dc                tud_inited
 .text.tud_init
                0x100058f0       0xcc CMakeFiles/PWM.dir/C_/VSARM/sdk/pico/pico-sdk/lib/tinyusb/src/device/usbd.c.obj
                0x100058f0                tud_init
 .text.usbd_defer_func
                0x100059bc       0x2a CMakeFiles/PWM.dir/C_/VSARM/sdk/pico/pico-sdk/lib/tinyusb/src/device/usbd.c.obj
                0x100059bc                usbd_defer_func
 *fill*         0x100059e6        0x2 
 .text.usbd_edpt_open
                0x100059e8       0x34 CMakeFiles/PWM.dir/C_/VSARM/sdk/pico/pico-sdk/lib/tinyusb/src/device/usbd.c.obj
                0x100059e8                usbd_edpt_open
 .text.usbd_open_edpt_pair
                0x10005a1c       0x62 CMakeFiles/PWM.dir/C_/VSARM/sdk/pico/pico-sdk/lib/tinyusb/src/device/usbd.c.obj
                0x10005a1c                usbd_open_edpt_pair
 *fill*         0x10005a7e        0x2 
 .text.usbd_edpt_claim
                0x10005a80       0x28 CMakeFiles/PWM.dir/C_/VSARM/sdk/pico/pico-sdk/lib/tinyusb/src/device/usbd.c.obj
                0x10005a80                usbd_edpt_claim
 .text.usbd_edpt_release
                0x10005aa8       0x28 CMakeFiles/PWM.dir/C_/VSARM/sdk/pico/pico-sdk/lib/tinyusb/src/device/usbd.c.obj
                0x10005aa8                usbd_edpt_release
 .text.usbd_edpt_xfer
                0x10005ad0       0x78 CMakeFiles/PWM.dir/C_/VSARM/sdk/pico/pico-sdk/lib/tinyusb/src/device/usbd.c.obj
                0x10005ad0                usbd_edpt_xfer
 .text.usbd_edpt_stall
                0x10005b48       0x48 CMakeFiles/PWM.dir/C_/VSARM/sdk/pico/pico-sdk/lib/tinyusb/src/device/usbd.c.obj
                0x10005b48                usbd_edpt_stall
 .text.usbd_edpt_clear_stall
                0x10005b90       0x48 CMakeFiles/PWM.dir/C_/VSARM/sdk/pico/pico-sdk/lib/tinyusb/src/device/usbd.c.obj
                0x10005b90                usbd_edpt_clear_stall
 .text.usbd_edpt_stalled
                0x10005bd8       0x1c CMakeFiles/PWM.dir/C_/VSARM/sdk/pico/pico-sdk/lib/tinyusb/src/device/usbd.c.obj
                0x10005bd8                usbd_edpt_stalled
 .text.process_control_request
                0x10005bf4      0x374 CMakeFiles/PWM.dir/C_/VSARM/sdk/pico/pico-sdk/lib/tinyusb/src/device/usbd.c.obj
 .text.tud_task_ext
                0x10005f68      0x1a8 CMakeFiles/PWM.dir/C_/VSARM/sdk/pico/pico-sdk/lib/tinyusb/src/device/usbd.c.obj
                0x10005f68                tud_task_ext
 .text._status_stage_xact
                0x10006110       0x1a CMakeFiles/PWM.dir/C_/VSARM/sdk/pico/pico-sdk/lib/tinyusb/src/device/usbd_control.c.obj
 *fill*         0x1000612a        0x2 
 .text._data_stage_xact
                0x1000612c       0x58 CMakeFiles/PWM.dir/C_/VSARM/sdk/pico/pico-sdk/lib/tinyusb/src/device/usbd_control.c.obj
 .text.tud_control_status
                0x10006184       0x28 CMakeFiles/PWM.dir/C_/VSARM/sdk/pico/pico-sdk/lib/tinyusb/src/device/usbd_control.c.obj
                0x10006184                tud_control_status
 .text.tud_control_xfer
                0x100061ac       0x68 CMakeFiles/PWM.dir/C_/VSARM/sdk/pico/pico-sdk/lib/tinyusb/src/device/usbd_control.c.obj
                0x100061ac                tud_control_xfer
 .text.usbd_control_reset
                0x10006214       0x14 CMakeFiles/PWM.dir/C_/VSARM/sdk/pico/pico-sdk/lib/tinyusb/src/device/usbd_control.c.obj
                0x10006214                usbd_control_reset
 .text.usbd_control_set_complete_callback
                0x10006228        0xc CMakeFiles/PWM.dir/C_/VSARM/sdk/pico/pico-sdk/lib/tinyusb/src/device/usbd_control.c.obj
                0x10006228                usbd_control_set_complete_callback
 .text.usbd_control_set_request
                0x10006234       0x1c CMakeFiles/PWM.dir/C_/VSARM/sdk/pico/pico-sdk/lib/tinyusb/src/device/usbd_control.c.obj
                0x10006234                usbd_control_set_request
 .text.usbd_control_xfer_cb
                0x10006250       0xbc CMakeFiles/PWM.dir/C_/VSARM/sdk/pico/pico-sdk/lib/tinyusb/src/device/usbd_control.c.obj
                0x10006250                usbd_control_xfer_cb
 .text._prep_out_transaction
                0x1000630c       0x4a CMakeFiles/PWM.dir/C_/VSARM/sdk/pico/pico-sdk/lib/tinyusb/src/class/cdc/cdc_device.c.obj
 *fill*         0x10006356        0x2 
 .text.tud_cdc_n_connected
                0x10006358       0x38 CMakeFiles/PWM.dir/C_/VSARM/sdk/pico/pico-sdk/lib/tinyusb/src/class/cdc/cdc_device.c.obj
                0x10006358                tud_cdc_n_connected
 .text.tud_cdc_n_available
                0x10006390       0x18 CMakeFiles/PWM.dir/C_/VSARM/sdk/pico/pico-sdk/lib/tinyusb/src/class/cdc/cdc_device.c.obj
                0x10006390                tud_cdc_n_available
 .text.tud_cdc_n_read
                0x100063a8       0x28 CMakeFiles/PWM.dir/C_/VSARM/sdk/pico/pico-sdk/lib/tinyusb/src/class/cdc/cdc_device.c.obj
                0x100063a8                tud_cdc_n_read
 .text.tud_cdc_n_write_flush
                0x100063d0       0xb8 CMakeFiles/PWM.dir/C_/VSARM/sdk/pico/pico-sdk/lib/tinyusb/src/class/cdc/cdc_device.c.obj
                0x100063d0                tud_cdc_n_write_flush
 .text.tud_cdc_n_write
                0x10006488       0x38 CMakeFiles/PWM.dir/C_/VSARM/sdk/pico/pico-sdk/lib/tinyusb/src/class/cdc/cdc_device.c.obj
                0x10006488                tud_cdc_n_write
 .text.tud_cdc_n_write_available
                0x100064c0       0x1c CMakeFiles/PWM.dir/C_/VSARM/sdk/pico/pico-sdk/lib/tinyusb/src/class/cdc/cdc_device.c.obj
                0x100064c0                tud_cdc_n_write_available
 .text.cdcd_init
                0x100064dc       0xbc CMakeFiles/PWM.dir/C_/VSARM/sdk/pico/pico-sdk/lib/tinyusb/src/class/cdc/cdc_device.c.obj
                0x100064dc                cdcd_init
 .text.cdcd_reset
                0x10006598       0x44 CMakeFiles/PWM.dir/C_/VSARM/sdk/pico/pico-sdk/lib/tinyusb/src/class/cdc/cdc_device.c.obj
                0x10006598                cdcd_reset
 .text.cdcd_open
                0x100065dc       0xc4 CMakeFiles/PWM.dir/C_/VSARM/sdk/pico/pico-sdk/lib/tinyusb/src/class/cdc/cdc_device.c.obj
                0x100065dc                cdcd_open
 .text.cdcd_control_xfer_cb
                0x100066a0      0x134 CMakeFiles/PWM.dir/C_/VSARM/sdk/pico/pico-sdk/lib/tinyusb/src/class/cdc/cdc_device.c.obj
                0x100066a0                cdcd_control_xfer_cb
 .text.cdcd_xfer_cb
                0x100067d4      0x130 CMakeFiles/PWM.dir/C_/VSARM/sdk/pico/pico-sdk/lib/tinyusb/src/class/cdc/cdc_device.c.obj
                0x100067d4                cdcd_xfer_cb
 .text.tusb_init
                0x10006904        0xa CMakeFiles/PWM.dir/C_/VSARM/sdk/pico/pico-sdk/lib/tinyusb/src/tusb.c.obj
                0x10006904                tusb_init
 .text.tusb_inited
                0x1000690e        0xe CMakeFiles/PWM.dir/C_/VSARM/sdk/pico/pico-sdk/lib/tinyusb/src/tusb.c.obj
                0x1000690e                tusb_inited
 .text.tu_edpt_claim
                0x1000691c       0x50 CMakeFiles/PWM.dir/C_/VSARM/sdk/pico/pico-sdk/lib/tinyusb/src/tusb.c.obj
                0x1000691c                tu_edpt_claim
 .text.tu_edpt_release
                0x1000696c       0x38 CMakeFiles/PWM.dir/C_/VSARM/sdk/pico/pico-sdk/lib/tinyusb/src/tusb.c.obj
                0x1000696c                tu_edpt_release
 .text.tu_edpt_validate
                0x100069a4       0x78 CMakeFiles/PWM.dir/C_/VSARM/sdk/pico/pico-sdk/lib/tinyusb/src/tusb.c.obj
                0x100069a4                tu_edpt_validate
 .text.tu_edpt_bind_driver
                0x10006a1c       0x26 CMakeFiles/PWM.dir/C_/VSARM/sdk/pico/pico-sdk/lib/tinyusb/src/tusb.c.obj
                0x10006a1c                tu_edpt_bind_driver
 .text.advance_index
                0x10006a42       0x1a CMakeFiles/PWM.dir/C_/VSARM/sdk/pico/pico-sdk/lib/tinyusb/src/common/tusb_fifo.c.obj
 .text._tu_fifo_peek
                0x10006a5c       0x56 CMakeFiles/PWM.dir/C_/VSARM/sdk/pico/pico-sdk/lib/tinyusb/src/common/tusb_fifo.c.obj
 .text._ff_pull_const_addr
                0x10006ab2       0x4c CMakeFiles/PWM.dir/C_/VSARM/sdk/pico/pico-sdk/lib/tinyusb/src/common/tusb_fifo.c.obj
 .text._ff_pull_n
                0x10006afe      0x110 CMakeFiles/PWM.dir/C_/VSARM/sdk/pico/pico-sdk/lib/tinyusb/src/common/tusb_fifo.c.obj
 .text._tu_fifo_peek_n
                0x10006c0e       0x6a CMakeFiles/PWM.dir/C_/VSARM/sdk/pico/pico-sdk/lib/tinyusb/src/common/tusb_fifo.c.obj
 .text._tu_fifo_read_n
                0x10006c78       0x4e CMakeFiles/PWM.dir/C_/VSARM/sdk/pico/pico-sdk/lib/tinyusb/src/common/tusb_fifo.c.obj
 .text._ff_push_const_addr
                0x10006cc6       0x40 CMakeFiles/PWM.dir/C_/VSARM/sdk/pico/pico-sdk/lib/tinyusb/src/common/tusb_fifo.c.obj
 .text._ff_push_n
                0x10006d06      0x10c CMakeFiles/PWM.dir/C_/VSARM/sdk/pico/pico-sdk/lib/tinyusb/src/common/tusb_fifo.c.obj
 .text._tu_fifo_write_n
                0x10006e12       0xf0 CMakeFiles/PWM.dir/C_/VSARM/sdk/pico/pico-sdk/lib/tinyusb/src/common/tusb_fifo.c.obj
 .text.tu_fifo_config
                0x10006f02       0x7c CMakeFiles/PWM.dir/C_/VSARM/sdk/pico/pico-sdk/lib/tinyusb/src/common/tusb_fifo.c.obj
                0x10006f02                tu_fifo_config
 .text.tu_fifo_count
                0x10006f7e       0x2a CMakeFiles/PWM.dir/C_/VSARM/sdk/pico/pico-sdk/lib/tinyusb/src/common/tusb_fifo.c.obj
                0x10006f7e                tu_fifo_count
 .text.tu_fifo_empty
                0x10006fa8        0xe CMakeFiles/PWM.dir/C_/VSARM/sdk/pico/pico-sdk/lib/tinyusb/src/common/tusb_fifo.c.obj
                0x10006fa8                tu_fifo_empty
 .text.tu_fifo_full
                0x10006fb6       0x28 CMakeFiles/PWM.dir/C_/VSARM/sdk/pico/pico-sdk/lib/tinyusb/src/common/tusb_fifo.c.obj
                0x10006fb6                tu_fifo_full
 .text.tu_fifo_remaining
                0x10006fde       0x2c CMakeFiles/PWM.dir/C_/VSARM/sdk/pico/pico-sdk/lib/tinyusb/src/common/tusb_fifo.c.obj
                0x10006fde                tu_fifo_remaining
 .text.tu_fifo_read
                0x1000700a       0x42 CMakeFiles/PWM.dir/C_/VSARM/sdk/pico/pico-sdk/lib/tinyusb/src/common/tusb_fifo.c.obj
                0x1000700a                tu_fifo_read
 .text.tu_fifo_read_n
                0x1000704c        0xa CMakeFiles/PWM.dir/C_/VSARM/sdk/pico/pico-sdk/lib/tinyusb/src/common/tusb_fifo.c.obj
                0x1000704c                tu_fifo_read_n
 .text.tu_fifo_write
                0x10007056       0x64 CMakeFiles/PWM.dir/C_/VSARM/sdk/pico/pico-sdk/lib/tinyusb/src/common/tusb_fifo.c.obj
                0x10007056                tu_fifo_write
 .text.tu_fifo_write_n
                0x100070ba        0xa CMakeFiles/PWM.dir/C_/VSARM/sdk/pico/pico-sdk/lib/tinyusb/src/common/tusb_fifo.c.obj
                0x100070ba                tu_fifo_write_n
 .text.tu_fifo_clear
                0x100070c4       0x3e CMakeFiles/PWM.dir/C_/VSARM/sdk/pico/pico-sdk/lib/tinyusb/src/common/tusb_fifo.c.obj
                0x100070c4                tu_fifo_clear
 .text.tu_fifo_set_overwritable
                0x10007102       0x46 CMakeFiles/PWM.dir/C_/VSARM/sdk/pico/pico-sdk/lib/tinyusb/src/common/tusb_fifo.c.obj
                0x10007102                tu_fifo_set_overwritable
 .text.calloc   0x10007148       0x18 c:/vsarm/armcc/125863~1.3re/bin/../lib/gcc/arm-none-eabi/12.3.1/thumb/v6-m/nofp\libg.a(libc_a-calloc.o)
                0x10007148                calloc
 .text._calloc_r
                0x10007160       0xa8 c:/vsarm/armcc/125863~1.3re/bin/../lib/gcc/arm-none-eabi/12.3.1/thumb/v6-m/nofp\libg.a(libc_a-callocr.o)
                0x10007160                _calloc_r
 .text._malloc_r
                0x10007208      0x5c4 c:/vsarm/armcc/125863~1.3re/bin/../lib/gcc/arm-none-eabi/12.3.1/thumb/v6-m/nofp\libg.a(libc_a-mallocr.o)
                0x10007208                _malloc_r
 .text.__malloc_lock
                0x100077cc       0x10 c:/vsarm/armcc/125863~1.3re/bin/../lib/gcc/arm-none-eabi/12.3.1/thumb/v6-m/nofp\libg.a(libc_a-mlock.o)
                0x100077cc                __malloc_lock
 .text.__malloc_unlock
                0x100077dc       0x10 c:/vsarm/armcc/125863~1.3re/bin/../lib/gcc/arm-none-eabi/12.3.1/thumb/v6-m/nofp\libg.a(libc_a-mlock.o)
                0x100077dc                __malloc_unlock
 .text._sbrk_r  0x100077ec       0x24 c:/vsarm/armcc/125863~1.3re/bin/../lib/gcc/arm-none-eabi/12.3.1/thumb/v6-m/nofp\libg.a(libc_a-sbrkr.o)
                0x100077ec                _sbrk_r
 .text.__errno  0x10007810        0xc c:/vsarm/armcc/125863~1.3re/bin/../lib/gcc/arm-none-eabi/12.3.1/thumb/v6-m/nofp\libg.a(libc_a-errno.o)
                0x10007810                __errno
 .text.__retarget_lock_acquire_recursive
                0x1000781c        0x4 c:/vsarm/armcc/125863~1.3re/bin/../lib/gcc/arm-none-eabi/12.3.1/thumb/v6-m/nofp\libg.a(libc_a-lock.o)
                0x1000781c                __retarget_lock_acquire_recursive
 .text.__retarget_lock_release_recursive
                0x10007820        0x4 c:/vsarm/armcc/125863~1.3re/bin/../lib/gcc/arm-none-eabi/12.3.1/thumb/v6-m/nofp\libg.a(libc_a-lock.o)
                0x10007820                __retarget_lock_release_recursive
 .text.sysconf  0x10007824       0x1c c:/vsarm/armcc/125863~1.3re/bin/../lib/gcc/arm-none-eabi/12.3.1/thumb/v6-m/nofp\libg.a(libc_a-sysconf.o)
                0x10007824                sysconf
 .text.strlen   0x10007840       0x5c c:/vsarm/armcc/125863~1.3re/bin/../lib/gcc/arm-none-eabi/12.3.1/thumb/v6-m/nofp\libg.a(libc_a-strlen-stub.o)
                0x10007840                strlen
 .text._malloc_trim_r
                0x1000789c       0xb4 c:/vsarm/armcc/125863~1.3re/bin/../lib/gcc/arm-none-eabi/12.3.1/thumb/v6-m/nofp\libg.a(libc_a-freer.o)
                0x1000789c                _malloc_trim_r
 .text._free_r  0x10007950      0x1d4 c:/vsarm/armcc/125863~1.3re/bin/../lib/gcc/arm-none-eabi/12.3.1/thumb/v6-m/nofp\libg.a(libc_a-freer.o)
                0x10007950                _free_r
 *(.fini)
 .fini          0x10007b24        0x4 c:/vsarm/armcc/125863~1.3re/bin/../lib/gcc/arm-none-eabi/12.3.1/thumb/v6-m/nofp/crti.o
                0x10007b24                _fini
 .fini.__stub   0x10007b28       0xe0 linker stubs
 *crtbegin.o(.ctors)
 *crtbegin?.o(.ctors)
 *(EXCLUDE_FILE(*crtend.o *crtend?.o) .ctors)
 *(SORT_BY_NAME(.ctors.*))
 *(.ctors)
 *crtbegin.o(.dtors)
 *crtbegin?.o(.dtors)
 *(EXCLUDE_FILE(*crtend.o *crtend?.o) .dtors)
 *(SORT_BY_NAME(.dtors.*))
 *(.dtors)
 *(.eh_frame*)
 .eh_frame      0x10007c08        0x0 c:/vsarm/armcc/125863~1.3re/bin/../lib/gcc/arm-none-eabi/12.3.1/thumb/v6-m/nofp/crtbegin.o
                0x10007c08                        . = ALIGN (0x4)

.glue_7         0x10007c08        0x0
 .glue_7        0x10007c08        0x0 linker stubs

.glue_7t        0x10007c08        0x0
 .glue_7t       0x10007c08        0x0 linker stubs

.vfp11_veneer   0x10007c08        0x0
 .vfp11_veneer  0x10007c08        0x0 linker stubs

.v4_bx          0x10007c08        0x0
 .v4_bx         0x10007c08        0x0 linker stubs

.iplt           0x10007c08        0x0
 .iplt          0x10007c08        0x0 c:/vsarm/armcc/125863~1.3re/bin/../lib/gcc/arm-none-eabi/12.3.1/thumb/v6-m/nofp/crtbegin.o

.rodata         0x10007c08     0x15ac
 *(EXCLUDE_FILE(*libm.a: *libc.a:*lib_a-mem*.o *libgcc.a:) .rodata*)
 .rodata.main.str1.4
                0x10007c08       0x43 CMakeFiles/PWM.dir/main.c.obj
 *fill*         0x10007c4b        0x1 
 .rodata.spin_lock_claim_unused.str1.4
                0x10007c4c       0x1b CMakeFiles/PWM.dir/C_/VSARM/sdk/pico/pico-sdk/src/rp2_common/hardware_sync/sync.c.obj
 *fill*         0x10007c67        0x1 
 .rodata.resolve_branch.str1.4
                0x10007c68       0x55 CMakeFiles/PWM.dir/C_/VSARM/sdk/pico/pico-sdk/src/rp2_common/hardware_irq/irq.c.obj
 *fill*         0x10007cbd        0x3 
 .rodata.make_branch.str1.4
                0x10007cc0       0x30 CMakeFiles/PWM.dir/C_/VSARM/sdk/pico/pico-sdk/src/rp2_common/hardware_irq/irq.c.obj
 .rodata.insert_branch_and_link.str1.4
                0x10007cf0       0x10 CMakeFiles/PWM.dir/C_/VSARM/sdk/pico/pico-sdk/src/rp2_common/hardware_irq/irq.c.obj
 .rodata.irq_set_exclusive_handler.str1.4
                0x10007d00       0x36 CMakeFiles/PWM.dir/C_/VSARM/sdk/pico/pico-sdk/src/rp2_common/hardware_irq/irq.c.obj
 *fill*         0x10007d36        0x2 
 .rodata.irq_add_shared_handler.str1.4
                0x10007d38       0xc2 CMakeFiles/PWM.dir/C_/VSARM/sdk/pico/pico-sdk/src/rp2_common/hardware_irq/irq.c.obj
 *fill*         0x10007dfa        0x2 
 .rodata.irq_remove_handler.str1.4
                0x10007dfc       0x3a CMakeFiles/PWM.dir/C_/VSARM/sdk/pico/pico-sdk/src/rp2_common/hardware_irq/irq.c.obj
 *fill*         0x10007e36        0x2 
 .rodata.irq_add_tail_to_free_list.str1.4
                0x10007e38       0x3a CMakeFiles/PWM.dir/C_/VSARM/sdk/pico/pico-sdk/src/rp2_common/hardware_irq/irq.c.obj
 *fill*         0x10007e72        0x2 
 .rodata.user_irq_claim_unused.str1.4
                0x10007e74       0x1b CMakeFiles/PWM.dir/C_/VSARM/sdk/pico/pico-sdk/src/rp2_common/hardware_irq/irq.c.obj
 *fill*         0x10007e8f        0x1 
 .rodata.__func__.0
                0x10007e90       0x1a CMakeFiles/PWM.dir/C_/VSARM/sdk/pico/pico-sdk/src/rp2_common/hardware_irq/irq.c.obj
 *fill*         0x10007eaa        0x2 
 .rodata.__func__.1
                0x10007eac       0x17 CMakeFiles/PWM.dir/C_/VSARM/sdk/pico/pico-sdk/src/rp2_common/hardware_irq/irq.c.obj
 *fill*         0x10007ec3        0x1 
 .rodata.__func__.2
                0x10007ec4       0x13 CMakeFiles/PWM.dir/C_/VSARM/sdk/pico/pico-sdk/src/rp2_common/hardware_irq/irq.c.obj
 *fill*         0x10007ed7        0x1 
 .rodata.__func__.3
                0x10007ed8        0xc CMakeFiles/PWM.dir/C_/VSARM/sdk/pico/pico-sdk/src/rp2_common/hardware_irq/irq.c.obj
 .rodata.__func__.4
                0x10007ee4        0xf CMakeFiles/PWM.dir/C_/VSARM/sdk/pico/pico-sdk/src/rp2_common/hardware_irq/irq.c.obj
 *fill*         0x10007ef3        0x1 
 .rodata.__func__.5
                0x10007ef4       0x17 CMakeFiles/PWM.dir/C_/VSARM/sdk/pico/pico-sdk/src/rp2_common/hardware_irq/irq.c.obj
 *fill*         0x10007f0b        0x1 
 .rodata.__func__.6
                0x10007f0c       0x1a CMakeFiles/PWM.dir/C_/VSARM/sdk/pico/pico-sdk/src/rp2_common/hardware_irq/irq.c.obj
 *fill*         0x10007f26        0x2 
 .rodata.update_us_since_boot.str1.4
                0x10007f28       0x61 CMakeFiles/PWM.dir/C_/VSARM/sdk/pico/pico-sdk/src/common/pico_sync/mutex.c.obj
 *fill*         0x10007f89        0x3 
 .rodata.str1.4
                0x10007f8c       0x89 CMakeFiles/PWM.dir/C_/VSARM/sdk/pico/pico-sdk/src/common/pico_sync/mutex.c.obj
 *fill*         0x10008015        0x3 
 .rodata.__func__.1
                0x10008018        0xb CMakeFiles/PWM.dir/C_/VSARM/sdk/pico/pico-sdk/src/common/pico_sync/mutex.c.obj
 *fill*         0x10008023        0x1 
 .rodata.__func__.3
                0x10008024       0x18 CMakeFiles/PWM.dir/C_/VSARM/sdk/pico/pico-sdk/src/common/pico_sync/mutex.c.obj
 .rodata.__func__.4
                0x1000803c       0x15 CMakeFiles/PWM.dir/C_/VSARM/sdk/pico/pico-sdk/src/common/pico_sync/mutex.c.obj
 *fill*         0x10008051        0x3 
 .rodata.get_entry.str1.4
                0x10008054       0x5b CMakeFiles/PWM.dir/C_/VSARM/sdk/pico/pico-sdk/src/common/pico_time/time.c.obj
 .rodata.update_us_since_boot.str1.4
                0x100080af       0x61 CMakeFiles/PWM.dir/C_/VSARM/sdk/pico/pico-sdk/src/common/pico_time/time.c.obj
 *fill*         0x100080af        0x1 
 .rodata.ph_get_node.str1.4
                0x100080b0       0x66 CMakeFiles/PWM.dir/C_/VSARM/sdk/pico/pico-sdk/src/common/pico_time/time.c.obj
 *fill*         0x10008116        0x2 
 .rodata.ph_add_child_node.str1.4
                0x10008118       0x2e CMakeFiles/PWM.dir/C_/VSARM/sdk/pico/pico-sdk/src/common/pico_time/time.c.obj
 *fill*         0x10008146        0x2 
 .rodata.ph_insert_node.str1.4
                0x10008148        0x3 CMakeFiles/PWM.dir/C_/VSARM/sdk/pico/pico-sdk/src/common/pico_time/time.c.obj
 *fill*         0x1000814b        0x1 
 .rodata.ph_free_node.str1.4
                0x1000814c       0x38 CMakeFiles/PWM.dir/C_/VSARM/sdk/pico/pico-sdk/src/common/pico_time/time.c.obj
 .rodata.add_alarm_under_lock.str1.4
                0x10008184       0x28 CMakeFiles/PWM.dir/C_/VSARM/sdk/pico/pico-sdk/src/common/pico_time/time.c.obj
 .rodata.alarm_pool_alarm_callback.str1.4
                0x100081ac       0x60 CMakeFiles/PWM.dir/C_/VSARM/sdk/pico/pico-sdk/src/common/pico_time/time.c.obj
 .rodata.alarm_pool_get_default.str1.4
                0x1000820c       0x21 CMakeFiles/PWM.dir/C_/VSARM/sdk/pico/pico-sdk/src/common/pico_time/time.c.obj
 *fill*         0x1000822d        0x3 
 .rodata.alarm_pool_cancel_alarm.str1.4
                0x10008230       0x27 CMakeFiles/PWM.dir/C_/VSARM/sdk/pico/pico-sdk/src/common/pico_time/time.c.obj
 *fill*         0x10008257        0x1 
 .rodata.sleep_until.str1.4
                0x10008258       0x4d CMakeFiles/PWM.dir/C_/VSARM/sdk/pico/pico-sdk/src/common/pico_time/time.c.obj
 *fill*         0x100082a5        0x3 
 .rodata.__func__.1
                0x100082a8       0x18 CMakeFiles/PWM.dir/C_/VSARM/sdk/pico/pico-sdk/src/common/pico_time/time.c.obj
 .rodata.__func__.3
                0x100082c0       0x17 CMakeFiles/PWM.dir/C_/VSARM/sdk/pico/pico-sdk/src/common/pico_time/time.c.obj
 *fill*         0x100082d7        0x1 
 .rodata.__func__.4
                0x100082d8       0x12 CMakeFiles/PWM.dir/C_/VSARM/sdk/pico/pico-sdk/src/common/pico_time/time.c.obj
 *fill*         0x100082ea        0x2 
 .rodata.__func__.5
                0x100082ec        0xd CMakeFiles/PWM.dir/C_/VSARM/sdk/pico/pico-sdk/src/common/pico_time/time.c.obj
 *fill*         0x100082f9        0x3 
 .rodata.__func__.6
                0x100082fc       0x12 CMakeFiles/PWM.dir/C_/VSARM/sdk/pico/pico-sdk/src/common/pico_time/time.c.obj
 *fill*         0x1000830e        0x2 
 .rodata.__func__.7
                0x10008310        0xf CMakeFiles/PWM.dir/C_/VSARM/sdk/pico/pico-sdk/src/common/pico_time/time.c.obj
 *fill*         0x1000831f        0x1 
 .rodata.__func__.8
                0x10008320        0xc CMakeFiles/PWM.dir/C_/VSARM/sdk/pico/pico-sdk/src/common/pico_time/time.c.obj
 .rodata.__func__.9
                0x1000832c       0x15 CMakeFiles/PWM.dir/C_/VSARM/sdk/pico/pico-sdk/src/common/pico_time/time.c.obj
 *fill*         0x10008341        0x3 
 .rodata.__func__.10
                0x10008344       0x15 CMakeFiles/PWM.dir/C_/VSARM/sdk/pico/pico-sdk/src/common/pico_time/time.c.obj
 *fill*         0x10008359        0x3 
 .rodata.__func__.11
                0x1000835c       0x1a CMakeFiles/PWM.dir/C_/VSARM/sdk/pico/pico-sdk/src/common/pico_time/time.c.obj
 *fill*         0x10008376        0x2 
 .rodata.__func__.12
                0x10008378        0xa CMakeFiles/PWM.dir/C_/VSARM/sdk/pico/pico-sdk/src/common/pico_time/time.c.obj
 *fill*         0x10008382        0x2 
 .rodata.hardware_alarm_claim.str1.4
                0x10008384       0x22 CMakeFiles/PWM.dir/C_/VSARM/sdk/pico/pico-sdk/src/rp2_common/hardware_timer/timer.c.obj
 *fill*         0x100083a6        0x2 
 .rodata.hardware_alarm_set_target.str1.4
                0x100083a8       0x65 CMakeFiles/PWM.dir/C_/VSARM/sdk/pico/pico-sdk/src/rp2_common/hardware_timer/timer.c.obj
 *fill*         0x1000840d        0x3 
 .rodata.__func__.0
                0x10008410       0x1a CMakeFiles/PWM.dir/C_/VSARM/sdk/pico/pico-sdk/src/rp2_common/hardware_timer/timer.c.obj
 .rodata.ph_get_node.str1.4
                0x1000842a       0x66 CMakeFiles/PWM.dir/C_/VSARM/sdk/pico/pico-sdk/src/common/pico_util/pheap.c.obj
 .rodata.ph_add_child_node.str1.4
                0x1000842a       0x2e CMakeFiles/PWM.dir/C_/VSARM/sdk/pico/pico-sdk/src/common/pico_util/pheap.c.obj
 *fill*         0x1000842a        0x2 
 .rodata.ph_remove_any_head.str1.4
                0x1000842c       0x8c CMakeFiles/PWM.dir/C_/VSARM/sdk/pico/pico-sdk/src/common/pico_util/pheap.c.obj
                                 0xa0 (size before relaxing)
 .rodata.ph_remove_and_free_node.str1.4
                0x100084b8       0x1e CMakeFiles/PWM.dir/C_/VSARM/sdk/pico/pico-sdk/src/common/pico_util/pheap.c.obj
                                 0x26 (size before relaxing)
 *fill*         0x100084d6        0x2 
 .rodata.__func__.0
                0x100084d8       0x18 CMakeFiles/PWM.dir/C_/VSARM/sdk/pico/pico-sdk/src/common/pico_util/pheap.c.obj
 .rodata.__func__.1
                0x100084f0       0x13 CMakeFiles/PWM.dir/C_/VSARM/sdk/pico/pico-sdk/src/common/pico_util/pheap.c.obj
 *fill*         0x10008503        0x1 
 .rodata.__func__.2
                0x10008504       0x12 CMakeFiles/PWM.dir/C_/VSARM/sdk/pico/pico-sdk/src/common/pico_util/pheap.c.obj
 *fill*         0x10008516        0x2 
 .rodata.__func__.3
                0x10008518        0xc CMakeFiles/PWM.dir/C_/VSARM/sdk/pico/pico-sdk/src/common/pico_util/pheap.c.obj
 .rodata.element_ptr.str1.4
                0x10008524       0x54 CMakeFiles/PWM.dir/C_/VSARM/sdk/pico/pico-sdk/src/common/pico_util/queue.c.obj
 .rodata.__func__.0
                0x10008578        0xc CMakeFiles/PWM.dir/C_/VSARM/sdk/pico/pico-sdk/src/common/pico_util/queue.c.obj
 .rodata.clock_configure.str1.4
                0x10008584       0x57 CMakeFiles/PWM.dir/C_/VSARM/sdk/pico/pico-sdk/src/rp2_common/hardware_clocks/clocks.c.obj
 *fill*         0x100085db        0x1 
 .rodata.__func__.1
                0x100085dc       0x10 CMakeFiles/PWM.dir/C_/VSARM/sdk/pico/pico-sdk/src/rp2_common/hardware_clocks/clocks.c.obj
 .rodata.pll_init.str1.4
                0x100085ec      0x124 CMakeFiles/PWM.dir/C_/VSARM/sdk/pico/pico-sdk/src/rp2_common/hardware_pll/pll.c.obj
 .rodata.__func__.0
                0x10008710        0x9 CMakeFiles/PWM.dir/C_/VSARM/sdk/pico/pico-sdk/src/rp2_common/hardware_pll/pll.c.obj
 *fill*         0x10008719        0x3 
 .rodata.__assert_func.str1.4
                0x1000871c       0x3f CMakeFiles/PWM.dir/C_/VSARM/sdk/pico/pico-sdk/src/rp2_common/pico_runtime/runtime.c.obj
                                 0x43 (size before relaxing)
 *fill*         0x1000875b        0x1 
 .rodata.runtime_init.str1.4
                0x1000875c       0x61 CMakeFiles/PWM.dir/C_/VSARM/sdk/pico/pico-sdk/src/rp2_common/pico_runtime/runtime.c.obj
 *fill*         0x100087bd        0x3 
 .rodata.panic.str1.4
                0x100087c0       0x12 CMakeFiles/PWM.dir/C_/VSARM/sdk/pico/pico-sdk/src/rp2_common/pico_runtime/runtime.c.obj
 *fill*         0x100087d2        0x2 
 .rodata.__func__.2
                0x100087d4        0xd CMakeFiles/PWM.dir/C_/VSARM/sdk/pico/pico-sdk/src/rp2_common/pico_runtime/runtime.c.obj
 *fill*         0x100087e1        0x3 
 .rodata._ftoa.str1.4
                0x100087e4       0x15 CMakeFiles/PWM.dir/C_/VSARM/sdk/pico/pico-sdk/src/rp2_common/pico_printf/printf.c.obj
 *fill*         0x100087f9        0x3 
 .rodata._vsnprintf
                0x100087fc      0x19c CMakeFiles/PWM.dir/C_/VSARM/sdk/pico/pico-sdk/src/rp2_common/pico_printf/printf.c.obj
 .rodata.pow10.0
                0x10008998       0x50 CMakeFiles/PWM.dir/C_/VSARM/sdk/pico/pico-sdk/src/rp2_common/pico_printf/printf.c.obj
 .rodata.__aeabi_double_init.str1.4
                0x100089e8       0x9c CMakeFiles/PWM.dir/C_/VSARM/sdk/pico/pico-sdk/src/rp2_common/pico_double/double_init_rom.c.obj
 .rodata.__func__.0
                0x10008a84       0x14 CMakeFiles/PWM.dir/C_/VSARM/sdk/pico/pico-sdk/src/rp2_common/pico_double/double_init_rom.c.obj
 .rodata.__aeabi_float_init.str1.4
                0x10008a98       0x7a CMakeFiles/PWM.dir/C_/VSARM/sdk/pico/pico-sdk/src/rp2_common/pico_float/float_init_rom.c.obj
                                 0x7e (size before relaxing)
 *fill*         0x10008b12        0x2 
 .rodata.__func__.0
                0x10008b14       0x13 CMakeFiles/PWM.dir/C_/VSARM/sdk/pico/pico-sdk/src/rp2_common/pico_float/float_init_rom.c.obj
 *fill*         0x10008b27        0x1 
 .rodata.check_alloc.str1.4
                0x10008b28        0xe CMakeFiles/PWM.dir/C_/VSARM/sdk/pico/pico-sdk/src/rp2_common/pico_malloc/pico_malloc.c.obj
 *fill*         0x10008b36        0x2 
 .rodata.str1.4
                0x10008b38       0x38 CMakeFiles/PWM.dir/C_/VSARM/sdk/pico/pico-sdk/src/rp2_common/pico_standard_link/binary_info.c.obj
 .rodata.__bi_81
                0x10008b70        0xc CMakeFiles/PWM.dir/C_/VSARM/sdk/pico/pico-sdk/src/rp2_common/pico_standard_link/binary_info.c.obj
 .rodata.__bi_75
                0x10008b7c        0xc CMakeFiles/PWM.dir/C_/VSARM/sdk/pico/pico-sdk/src/rp2_common/pico_standard_link/binary_info.c.obj
 .rodata.__bi_44
                0x10008b88        0xc CMakeFiles/PWM.dir/C_/VSARM/sdk/pico/pico-sdk/src/rp2_common/pico_standard_link/binary_info.c.obj
 .rodata.update_us_since_boot.str1.4
                0x10008b94       0x61 CMakeFiles/PWM.dir/C_/VSARM/sdk/pico/pico-sdk/src/rp2_common/pico_stdio/stdio.c.obj
 .rodata.crlf_str.2
                0x10008b94        0x2 CMakeFiles/PWM.dir/C_/VSARM/sdk/pico/pico-sdk/src/rp2_common/pico_stdio/stdio.c.obj
 *fill*         0x10008b96        0x2 
 .rodata.__func__.3
                0x10008b98       0x15 CMakeFiles/PWM.dir/C_/VSARM/sdk/pico/pico-sdk/src/rp2_common/pico_stdio/stdio.c.obj
 *fill*         0x10008bad        0x3 
 .rodata._resetd_driver
                0x10008bb0       0x18 CMakeFiles/PWM.dir/C_/VSARM/sdk/pico/pico-sdk/src/rp2_common/pico_stdio_usb/reset_interface.c.obj
 .rodata.update_us_since_boot.str1.4
                0x10008bc8       0x61 CMakeFiles/PWM.dir/C_/VSARM/sdk/pico/pico-sdk/src/rp2_common/pico_stdio_usb/stdio_usb.c.obj
 .rodata.stdio_usb_init.str1.4
                0x10008bc8       0x45 CMakeFiles/PWM.dir/C_/VSARM/sdk/pico/pico-sdk/src/rp2_common/pico_stdio_usb/stdio_usb.c.obj
                                 0x4d (size before relaxing)
 *fill*         0x10008c0d        0x3 
 .rodata.str1.4
                0x10008c10       0x13 CMakeFiles/PWM.dir/C_/VSARM/sdk/pico/pico-sdk/src/rp2_common/pico_stdio_usb/stdio_usb.c.obj
 *fill*         0x10008c23        0x1 
 .rodata.__bi_182.0
                0x10008c24        0xc CMakeFiles/PWM.dir/C_/VSARM/sdk/pico/pico-sdk/src/rp2_common/pico_stdio_usb/stdio_usb.c.obj
 .rodata.__func__.1
                0x10008c30        0xf CMakeFiles/PWM.dir/C_/VSARM/sdk/pico/pico-sdk/src/rp2_common/pico_stdio_usb/stdio_usb.c.obj
 *fill*         0x10008c3f        0x1 
 .rodata.__func__.3
                0x10008c40       0x15 CMakeFiles/PWM.dir/C_/VSARM/sdk/pico/pico-sdk/src/rp2_common/pico_stdio_usb/stdio_usb.c.obj
 *fill*         0x10008c55        0x3 
 .rodata.str1.4
                0x10008c58       0x2a CMakeFiles/PWM.dir/C_/VSARM/sdk/pico/pico-sdk/src/rp2_common/pico_stdio_usb/stdio_usb_descriptors.c.obj
 *fill*         0x10008c82        0x2 
 .rodata.usbd_desc_str
                0x10008c84       0x18 CMakeFiles/PWM.dir/C_/VSARM/sdk/pico/pico-sdk/src/rp2_common/pico_stdio_usb/stdio_usb_descriptors.c.obj
 .rodata.usbd_desc_cfg
                0x10008c9c       0x54 CMakeFiles/PWM.dir/C_/VSARM/sdk/pico/pico-sdk/src/rp2_common/pico_stdio_usb/stdio_usb_descriptors.c.obj
 .rodata.usbd_desc_device
                0x10008cf0       0x12 CMakeFiles/PWM.dir/C_/VSARM/sdk/pico/pico-sdk/src/rp2_common/pico_stdio_usb/stdio_usb_descriptors.c.obj
 *fill*         0x10008d02        0x2 
 .rodata.pico_get_unique_board_id_string.str1.4
                0x10008d04       0x4d CMakeFiles/PWM.dir/C_/VSARM/sdk/pico/pico-sdk/src/rp2_common/pico_unique_id/unique_id.c.obj
 *fill*         0x10008d51        0x3 
 .rodata.__func__.0
                0x10008d54       0x20 CMakeFiles/PWM.dir/C_/VSARM/sdk/pico/pico-sdk/src/rp2_common/pico_unique_id/unique_id.c.obj
 .rodata.str1.4
                0x10008d74      0x15a CMakeFiles/PWM.dir/C_/VSARM/sdk/pico/pico-sdk/src/rp2_common/hardware_flash/flash.c.obj
 *fill*         0x10008ece        0x2 
 .rodata.__func__.0
                0x10008ed0        0xd CMakeFiles/PWM.dir/C_/VSARM/sdk/pico/pico-sdk/src/rp2_common/hardware_flash/flash.c.obj
 *fill*         0x10008edd        0x3 
 .rodata._hw_endpoint_alloc.str1.4
                0x10008ee0       0xb5 CMakeFiles/PWM.dir/C_/VSARM/sdk/pico/pico-sdk/lib/tinyusb/src/portable/raspberrypi/rp2040/dcd_rp2040.c.obj
 *fill*         0x10008f95        0x3 
 .rodata.str1.4
                0x10008f98       0x14 CMakeFiles/PWM.dir/C_/VSARM/sdk/pico/pico-sdk/lib/tinyusb/src/portable/raspberrypi/rp2040/dcd_rp2040.c.obj
 .rodata.dcd_int_enable.str1.4
                0x10008fac        0xc CMakeFiles/PWM.dir/C_/VSARM/sdk/pico/pico-sdk/lib/tinyusb/src/portable/raspberrypi/rp2040/dcd_rp2040.c.obj
 .rodata.__func__.0
                0x10008fb8        0xe CMakeFiles/PWM.dir/C_/VSARM/sdk/pico/pico-sdk/lib/tinyusb/src/portable/raspberrypi/rp2040/dcd_rp2040.c.obj
 *fill*         0x10008fc6        0x2 
 .rodata.__func__.1
                0x10008fc8        0xe CMakeFiles/PWM.dir/C_/VSARM/sdk/pico/pico-sdk/lib/tinyusb/src/portable/raspberrypi/rp2040/dcd_rp2040.c.obj
 *fill*         0x10008fd6        0x2 
 .rodata.__func__.3
                0x10008fd8       0x10 CMakeFiles/PWM.dir/C_/VSARM/sdk/pico/pico-sdk/lib/tinyusb/src/portable/raspberrypi/rp2040/dcd_rp2040.c.obj
 .rodata.__func__.5
                0x10008fe8        0xf CMakeFiles/PWM.dir/C_/VSARM/sdk/pico/pico-sdk/lib/tinyusb/src/portable/raspberrypi/rp2040/dcd_rp2040.c.obj
 *fill*         0x10008ff7        0x1 
 .rodata.__func__.6
                0x10008ff8       0x13 CMakeFiles/PWM.dir/C_/VSARM/sdk/pico/pico-sdk/lib/tinyusb/src/portable/raspberrypi/rp2040/dcd_rp2040.c.obj
 *fill*         0x1000900b        0x1 
 .rodata.__func__.7
                0x1000900c        0x9 CMakeFiles/PWM.dir/C_/VSARM/sdk/pico/pico-sdk/lib/tinyusb/src/portable/raspberrypi/rp2040/dcd_rp2040.c.obj
 *fill*         0x10009015        0x3 
 .rodata.str1.4
                0x10009018       0xe7 CMakeFiles/PWM.dir/C_/VSARM/sdk/pico/pico-sdk/lib/tinyusb/src/portable/raspberrypi/rp2040/rp2040_usb.c.obj
 *fill*         0x100090ff        0x1 
 .rodata.__func__.0
                0x10009100        0xf CMakeFiles/PWM.dir/C_/VSARM/sdk/pico/pico-sdk/lib/tinyusb/src/portable/raspberrypi/rp2040/rp2040_usb.c.obj
 *fill*         0x1000910f        0x1 
 .rodata.process_get_descriptor
                0x10009110       0x40 CMakeFiles/PWM.dir/C_/VSARM/sdk/pico/pico-sdk/lib/tinyusb/src/device/usbd.c.obj
 .rodata.process_control_request
                0x10009150       0x28 CMakeFiles/PWM.dir/C_/VSARM/sdk/pico/pico-sdk/lib/tinyusb/src/device/usbd.c.obj
 .rodata.tud_task_ext
                0x10009178       0x24 CMakeFiles/PWM.dir/C_/VSARM/sdk/pico/pico-sdk/lib/tinyusb/src/device/usbd.c.obj
 .rodata._usbd_driver
                0x1000919c       0x18 CMakeFiles/PWM.dir/C_/VSARM/sdk/pico/pico-sdk/lib/tinyusb/src/device/usbd.c.obj
                0x100091b4                        . = ALIGN (0x4)
 *(SORT_BY_ALIGNMENT(SORT_BY_NAME(.flashdata*)))
                0x100091b4                        . = ALIGN (0x4)

.ARM.extab
 *(.ARM.extab* .gnu.linkonce.armextab.*)
                0x100091b4                        __exidx_start = .

.ARM.exidx
 *(.ARM.exidx* .gnu.linkonce.armexidx.*)
                0x100091b4                        __exidx_end = .
                0x100091b4                        . = ALIGN (0x4)
                0x100091b4                        __binary_info_start = .

.binary_info    0x100091b4       0x20
 *(.binary_info.keep.*)
 .binary_info.keep.__bi_ptr81
                0x100091b4        0x4 CMakeFiles/PWM.dir/C_/VSARM/sdk/pico/pico-sdk/src/rp2_common/pico_standard_link/binary_info.c.obj
 .binary_info.keep.__bi_ptr75
                0x100091b8        0x4 CMakeFiles/PWM.dir/C_/VSARM/sdk/pico/pico-sdk/src/rp2_common/pico_standard_link/binary_info.c.obj
 .binary_info.keep.__bi_ptr50
                0x100091bc        0x4 CMakeFiles/PWM.dir/C_/VSARM/sdk/pico/pico-sdk/src/rp2_common/pico_standard_link/binary_info.c.obj
 .binary_info.keep.__bi_ptr44
                0x100091c0        0x4 CMakeFiles/PWM.dir/C_/VSARM/sdk/pico/pico-sdk/src/rp2_common/pico_standard_link/binary_info.c.obj
 .binary_info.keep.__bi_ptr38
                0x100091c4        0x4 CMakeFiles/PWM.dir/C_/VSARM/sdk/pico/pico-sdk/src/rp2_common/pico_standard_link/binary_info.c.obj
 .binary_info.keep.__bi_ptr30
                0x100091c8        0x4 CMakeFiles/PWM.dir/C_/VSARM/sdk/pico/pico-sdk/src/rp2_common/pico_standard_link/binary_info.c.obj
 .binary_info.keep.__bi_ptr22
                0x100091cc        0x4 CMakeFiles/PWM.dir/C_/VSARM/sdk/pico/pico-sdk/src/rp2_common/pico_standard_link/binary_info.c.obj
 *(.binary_info.*)
 .binary_info.__bi_ptr182
                0x100091d0        0x4 CMakeFiles/PWM.dir/C_/VSARM/sdk/pico/pico-sdk/src/rp2_common/pico_stdio_usb/stdio_usb.c.obj
                0x100091d4                        __binary_info_end = .

.rel.dyn        0x100091d4        0x0
 .rel.iplt      0x100091d4        0x0 c:/vsarm/armcc/125863~1.3re/bin/../lib/gcc/arm-none-eabi/12.3.1/thumb/v6-m/nofp/crtbegin.o
                0x100091d4                        . = ALIGN (0x4)

.ram_vector_table
                0x20000000       0xc0
 *(.ram_vector_table)
 .ram_vector_table
                0x20000000       0xc0 CMakeFiles/PWM.dir/C_/VSARM/sdk/pico/pico-sdk/src/rp2_common/pico_runtime/runtime.c.obj
                0x20000000                ram_vector_table

.data           0x200000c0     0x1068 load address 0x100091d4
                0x200000c0                        __data_start__ = .
 *(vtable)
 *(.time_critical*)
 .time_critical.mutex_try_enter
                0x200000c0       0x46 CMakeFiles/PWM.dir/C_/VSARM/sdk/pico/pico-sdk/src/common/pico_sync/mutex.c.obj
                0x200000c0                mutex_try_enter
 *fill*         0x20000106        0x2 
 .time_critical.mutex_enter_block_until
                0x20000108       0x8c CMakeFiles/PWM.dir/C_/VSARM/sdk/pico/pico-sdk/src/common/pico_sync/mutex.c.obj
                0x20000108                mutex_enter_block_until
 .time_critical.mutex_try_enter_block_until
                0x20000194       0x34 CMakeFiles/PWM.dir/C_/VSARM/sdk/pico/pico-sdk/src/common/pico_sync/mutex.c.obj
                0x20000194                mutex_try_enter_block_until
 .time_critical.mutex_enter_timeout_ms
                0x200001c8       0x1a CMakeFiles/PWM.dir/C_/VSARM/sdk/pico/pico-sdk/src/common/pico_sync/mutex.c.obj
                0x200001c8                mutex_enter_timeout_ms
 *fill*         0x200001e2        0x2 
 .time_critical.mutex_exit
                0x200001e4       0x4c CMakeFiles/PWM.dir/C_/VSARM/sdk/pico/pico-sdk/src/common/pico_sync/mutex.c.obj
                0x200001e4                mutex_exit
 .time_critical.flash_init_boot2_copyout
                0x20000230       0x30 CMakeFiles/PWM.dir/C_/VSARM/sdk/pico/pico-sdk/src/rp2_common/hardware_flash/flash.c.obj
 .time_critical.flash_enable_xip_via_boot2
                0x20000260        0xc CMakeFiles/PWM.dir/C_/VSARM/sdk/pico/pico-sdk/src/rp2_common/hardware_flash/flash.c.obj
 .time_critical.flash_cs_force
                0x2000026c       0x28 CMakeFiles/PWM.dir/C_/VSARM/sdk/pico/pico-sdk/src/rp2_common/hardware_flash/flash.c.obj
 .time_critical.flash_do_cmd
                0x20000294       0xd8 CMakeFiles/PWM.dir/C_/VSARM/sdk/pico/pico-sdk/src/rp2_common/hardware_flash/flash.c.obj
                0x20000294                flash_do_cmd
 .time_critical.reset_non_control_endpoints
                0x2000036c       0x40 CMakeFiles/PWM.dir/C_/VSARM/sdk/pico/pico-sdk/lib/tinyusb/src/portable/raspberrypi/rp2040/dcd_rp2040.c.obj
 .time_critical.hw_handle_buff_status
                0x200003ac       0xa4 CMakeFiles/PWM.dir/C_/VSARM/sdk/pico/pico-sdk/lib/tinyusb/src/portable/raspberrypi/rp2040/dcd_rp2040.c.obj
 .time_critical.dcd_rp2040_irq
                0x20000450      0x1b8 CMakeFiles/PWM.dir/C_/VSARM/sdk/pico/pico-sdk/lib/tinyusb/src/portable/raspberrypi/rp2040/dcd_rp2040.c.obj
 .time_critical.e15_is_bulkin_ep
                0x20000608       0x2c CMakeFiles/PWM.dir/C_/VSARM/sdk/pico/pico-sdk/lib/tinyusb/src/portable/raspberrypi/rp2040/rp2040_usb.c.obj
 .time_critical.e15_is_critical_frame_period
                0x20000634       0x30 CMakeFiles/PWM.dir/C_/VSARM/sdk/pico/pico-sdk/lib/tinyusb/src/portable/raspberrypi/rp2040/rp2040_usb.c.obj
 .time_critical.prepare_ep_buffer
                0x20000664       0x6c CMakeFiles/PWM.dir/C_/VSARM/sdk/pico/pico-sdk/lib/tinyusb/src/portable/raspberrypi/rp2040/rp2040_usb.c.obj
 .time_critical.sync_ep_buffer
                0x200006d0       0x7c CMakeFiles/PWM.dir/C_/VSARM/sdk/pico/pico-sdk/lib/tinyusb/src/portable/raspberrypi/rp2040/rp2040_usb.c.obj
 .time_critical._hw_endpoint_xfer_sync
                0x2000074c       0x28 CMakeFiles/PWM.dir/C_/VSARM/sdk/pico/pico-sdk/lib/tinyusb/src/portable/raspberrypi/rp2040/rp2040_usb.c.obj
 .time_critical.hw_endpoint_reset_transfer
                0x20000774        0xc CMakeFiles/PWM.dir/C_/VSARM/sdk/pico/pico-sdk/lib/tinyusb/src/portable/raspberrypi/rp2040/rp2040_usb.c.obj
                0x20000774                hw_endpoint_reset_transfer
 .time_critical._hw_endpoint_buffer_control_update32
                0x20000780       0x58 CMakeFiles/PWM.dir/C_/VSARM/sdk/pico/pico-sdk/lib/tinyusb/src/portable/raspberrypi/rp2040/rp2040_usb.c.obj
                0x20000780                _hw_endpoint_buffer_control_update32
 .time_critical.hw_endpoint_start_next_buffer
                0x200007d8       0x7c CMakeFiles/PWM.dir/C_/VSARM/sdk/pico/pico-sdk/lib/tinyusb/src/portable/raspberrypi/rp2040/rp2040_usb.c.obj
                0x200007d8                hw_endpoint_start_next_buffer
 .time_critical.hw_endpoint_xfer_continue
                0x20000854       0x50 CMakeFiles/PWM.dir/C_/VSARM/sdk/pico/pico-sdk/lib/tinyusb/src/portable/raspberrypi/rp2040/rp2040_usb.c.obj
                0x20000854                hw_endpoint_xfer_continue
 .time_critical.tinyusb
                0x200008a4      0x1ac CMakeFiles/PWM.dir/C_/VSARM/sdk/pico/pico-sdk/lib/tinyusb/src/device/usbd.c.obj
                0x200008a4                dcd_event_handler
 *(.text*)
 .text          0x20000a50        0x4 c:/vsarm/armcc/125863~1.3re/bin/../lib/gcc/arm-none-eabi/12.3.1/thumb/v6-m/nofp\libgcc.a(_dvmd_tls.o)
                0x20000a50                __aeabi_idiv0
                0x20000a50                __aeabi_ldiv0
 *fill*         0x20000a54        0x4 
 .text.__stub   0x20000a58       0xa0 linker stubs
                0x20000af8                        . = ALIGN (0x4)
 *(.rodata*)
                0x20000af8                        . = ALIGN (0x4)
 *(.data*)
 .data.striped_spin_lock_num
                0x20000af8        0x1 CMakeFiles/PWM.dir/C_/VSARM/sdk/pico/pico-sdk/src/rp2_common/hardware_sync/sync.c.obj
 *fill*         0x20000af9        0x3 
 .data          0x20000afc       0x48 CMakeFiles/PWM.dir/C_/VSARM/sdk/pico/pico-sdk/src/rp2_common/hardware_irq/irq_handler_chain.S.obj
                0x20000afc                irq_handler_chain_slots
                0x20000b2c                irq_handler_chain_first_slot
                0x20000b36                irq_handler_chain_remove_tail
 .data.default_alarm_pool
                0x20000b44       0x18 CMakeFiles/PWM.dir/C_/VSARM/sdk/pico/pico-sdk/src/common/pico_time/time.c.obj
 .data.default_alarm_pool_heap
                0x20000b5c       0x10 CMakeFiles/PWM.dir/C_/VSARM/sdk/pico/pico-sdk/src/common/pico_time/time.c.obj
 *fill*         0x20000b6c        0x4 
 .data.aeabi_bits_funcs
                0x20000b70       0x10 CMakeFiles/PWM.dir/C_/VSARM/sdk/pico/pico-sdk/src/rp2_common/pico_bit_ops/bit_ops_aeabi.S.obj
                0x20000b70                aeabi_bits_funcs
                0x20000b80                aeabi_bits_funcs_end
 .data.aeabi_mem_funcs
                0x20000b80       0x10 CMakeFiles/PWM.dir/C_/VSARM/sdk/pico/pico-sdk/src/rp2_common/pico_mem_ops/mem_ops_aeabi.S.obj